<html>
<body>
<pre>
<h1>µVision Build Log</h1>
<h2>Tool Versions:</h2>
IDE-Version: ¦ÌVision V5.34.0.0
Copyright (C) 2021 ARM Ltd and ARM Germany GmbH. All rights reserved.
License Information: a a, a, LIC=HN0AE-593U3-EVT1R-KXU7Z-DLA29-CACGW
 
Tool Versions:
Toolchain:       MDK-ARM Plus  Version: 5.34.0.0
Toolchain Path:  C:\Keil_v5\ARM\ARMCLANG\Bin
C Compiler:      ArmClang.exe V6.16
Assembler:       Armasm.exe V6.16
Linker/Locator:  ArmLink.exe V6.16
Library Manager: ArmAr.exe V6.16
Hex Converter:   FromElf.exe V6.16
CPU DLL:         SARMCM3.DLL V5.34.0.0
Dialog DLL:      DCM.DLL V1.17.3.0
Target DLL:      Segger\JL2CM3.dll V2.99.38.0
Dialog DLL:      TCM.DLL V1.48.0.0
 
<h2>Project:</h2>
D:\EIS_Code\Code\EIS_n32l406_4\N32L406\project\n32l406.uvprojx
Project File Date:  06/02/2026

<h2>Output:</h2>
*** Using Compiler 'V6.16', folder: 'C:\Keil_v5\ARM\ARMCLANG\Bin'
Build target 'Debug_NoBootNoClassB'
compiling MSP_IT.c...
compiling BSP_BQ7982X.c...
compiling main.c...
compiling BSP_BQ7982X_APP.c...
linking...
Program Size: Code=20592 RO-data=1184 RW-data=356 ZI-data=9412  
FromELF: creating hex file...
After Build - User command #1: fromelf --bin  -o "BMSCube_N32L406.bin" "D:\EIS_Code\Code\EIS_n32l406_4\N32L406\project\Objects\BMSCube_N32L406.axf"
".\Objects\BMSCube_N32L406.axf" - 0 Error(s), 0 Warning(s).

<h2>Software Packages used:</h2>

Package Vendor: Nationstech
                http://www.keil.com/pack/Nationstech.N32L40x_DFP.1.4.0.pack
                Nationstech.N32L40x_DFP.1.4.0
                Nationstech N32L40x Series Device Support, Drivers and Examples

<h2>Collection of Component include folders:</h2>
  C:\Users\a\AppData\Local\Arm\Packs\Nationstech\N32L40x_DFP\1.4.0\firmware\CMSIS\device

<h2>Collection of Component Files used:</h2>
Build Time Elapsed:  00:00:04
</pre>
</body>
</html>
