Component: ARM Compiler 6.16 Tool: armlink [5dfeaa00]

==============================================================================

Section Cross References

    startup_n32l40x.o(RESET) refers to startup_n32l40x.o(STACK) for __initial_sp
    startup_n32l40x.o(RESET) refers to startup_n32l40x.o(.text) for Reset_Handler
    startup_n32l40x.o(RESET) refers to msp_it.o(.text.SysTick_Handler) for SysTick_Handler
    startup_n32l40x.o(RESET) refers to msp_it.o(.text.USART2_IRQHandler) for USART2_IRQHandler
    startup_n32l40x.o(.text) refers to system_n32l40x.o(.text.SystemInit) for SystemInit
    startup_n32l40x.o(.text) refers to entry.o(.ARM.Collect$$$$00000000) for __main
    system_n32l40x.o(.text.SystemInit) refers to system_n32l40x.o(.text.SetSysClock) for SetSysClock
    system_n32l40x.o(.ARM.exidx.text.SystemInit) refers to system_n32l40x.o(.text.SystemInit) for [Anonymous Symbol]
    system_n32l40x.o(.text.SetSysClock) refers to system_n32l40x.o(.data.SystemCoreClock) for SystemCoreClock
    system_n32l40x.o(.text.SetSysClock) refers to system_n32l40x.o(.text.ConfigMRVoltage1V) for ConfigMRVoltage1V
    system_n32l40x.o(.ARM.exidx.text.SetSysClock) refers to system_n32l40x.o(.text.SetSysClock) for [Anonymous Symbol]
    system_n32l40x.o(.text.SystemCoreClockUpdate) refers to system_n32l40x.o(.data.SystemCoreClock) for SystemCoreClock
    system_n32l40x.o(.text.SystemCoreClockUpdate) refers to system_n32l40x.o(.rodata.MSIClockTable) for MSIClockTable
    system_n32l40x.o(.text.SystemCoreClockUpdate) refers to system_n32l40x.o(.rodata.AHBPrescTable) for AHBPrescTable
    system_n32l40x.o(.ARM.exidx.text.SystemCoreClockUpdate) refers to system_n32l40x.o(.text.SystemCoreClockUpdate) for [Anonymous Symbol]
    system_n32l40x.o(.ARM.exidx.text.ConfigMRVoltage1V) refers to system_n32l40x.o(.text.ConfigMRVoltage1V) for [Anonymous Symbol]
    system_n32l40x.o(.ARM.exidx.text.ConfigMRVoltage1_1V) refers to system_n32l40x.o(.text.ConfigMRVoltage1_1V) for [Anonymous Symbol]
    main.o(.text.main) refers to msp_it.o(.text.systick_init) for systick_init
    main.o(.text.main) refers to msp_uart.o(.text.log_uart_init) for log_uart_init
    main.o(.text.main) refers to main.o(.text.EisScanGpioInit) for EisScanGpioInit
    main.o(.text.main) refers to main.o(.bss.gBQDev) for gBQDev
    main.o(.text.main) refers to main.o(.bss.gBQSta) for gBQSta
    main.o(.text.main) refers to bsp_bq7982x_app.o(.text.BQParamInit) for BQParamInit
    main.o(.text.main) refers to main.o(.bss.update_frq) for update_frq
    main.o(.text.main) refers to main.o(.bss.gTaskBqResetQuery) for gTaskBqResetQuery
    main.o(.text.main) refers to main.o(.data.is_scanning) for is_scanning
    main.o(.text.main) refers to main.o(.bss.gTaskStopEisQuery) for gTaskStopEisQuery
    main.o(.text.main) refers to main.o(.bss.gTaskEisRead) for gTaskEisRead
    main.o(.text.main) refers to main.o(.bss.gBqStackReady) for gBqStackReady
    main.o(.text.main) refers to main.o(.bss.eis_run_flag) for eis_run_flag
    main.o(.text.main) refers to main.o(.bss.current_scan_idx) for current_scan_idx
    main.o(.text.main) refers to main.o(.bss.current_freq_test_count) for current_freq_test_count
    main.o(.text.main) refers to main.o(.bss.gTaskEisDFT) for gTaskEisDFT
    main.o(.text.main) refers to main.o(.text.EisScanGpioSet) for EisScanGpioSet
    main.o(.text.main) refers to puts.o(i.puts) for puts
    main.o(.text.main) refers to bsp_bq7982x_app.o(.text.EIS_Stop) for EIS_Stop
    main.o(.text.main) refers to main.o(.bss.gTaskWakeStackQuery) for gTaskWakeStackQuery
    main.o(.text.main) refers to main.o(.text.InitBmicStack) for InitBmicStack
    main.o(.text.main) refers to main.o(.text.ReportEisStatus) for ReportEisStatus
    main.o(.text.main) refers to bsp_bq7982x_app.o(.text.BQ7982X_SoftReset) for BQ7982X_SoftReset
    main.o(.text.main) refers to main.o(.bss.gTaskBqSleepQuery) for gTaskBqSleepQuery
    main.o(.text.main) refers to bsp_bq7982x_app.o(.text.BQ7982X_GotoSleep) for BQ7982X_GotoSleep
    main.o(.text.main) refers to main.o(.bss.digital_sync_flag) for digital_sync_flag
    main.o(.text.main) refers to main.o(.bss.gTaskSetEisCellCount) for gTaskSetEisCellCount
    main.o(.text.main) refers to main.o(.data.gEisCellCount) for gEisCellCount
    main.o(.text.main) refers to main.o(.data.gEisRequestedCellCount) for gEisRequestedCellCount
    main.o(.text.main) refers to main.o(.rodata.str1.1) for .L.str.6
    main.o(.text.main) refers to printfa.o(i.__0printf) for __2printf
    main.o(.text.main) refers to main.o(.bss.gTaskReportStatus) for gTaskReportStatus
    main.o(.text.main) refers to msp_uart.o(.text.log_uart_wait_tx_complete) for log_uart_wait_tx_complete
    main.o(.text.main) refers to main.o(.bss.gTaskSetEisFreq) for gTaskSetEisFreq
    main.o(.text.main) refers to main.o(.data.gEisRequestedFreq) for gEisRequestedFreq
    main.o(.text.main) refers to main.o(.data.sin_fs) for sin_fs
[...]
    .text                                    0x080007f0   Section        0  iusefp.o(.text)
    .text                                    0x080007f0   Section        0  fepilogue.o(.text)
    .text                                    0x0800085e   Section        0  frnd.o(.text)
    .text                                    0x0800089a   Section        0  depilogue.o(.text)
    .text                                    0x08000954   Section        0  dfixul.o(.text)
    .text                                    0x08000984   Section       48  cdcmple.o(.text)
    .text                                    0x080009b4   Section       48  cdrcmple.o(.text)
    .text                                    0x080009e4   Section       36  init.o(.text)
    .text                                    0x08000a08   Section        0  llushr.o(.text)
    .text                                    0x08000a28   Section        0  _chval.o(.text)
    _fp_value                                0x08000a45   Thumb Code   296  scanf_fp.o(.text)
    .text                                    0x08000a44   Section        0  scanf_fp.o(.text)
    .text                                    0x08000da4   Section        0  _sgetc.o(.text)
    .text                                    0x08000de4   Section        0  dfltul.o(.text)
    .text                                    0x08000dfc   Section        0  __dczerorl2.o(.text)
    [Anonymous Symbol]                       0x08000e54   Section        0  bsp_bq7982x_app.o(.text.AFE_Check_AllStable)
    ApplyEisTableConfig                      0x08000e5d   Thumb Code   408  main.o(.text.ApplyEisTableConfig)
    [Anonymous Symbol]                       0x08000e5c   Section        0  main.o(.text.ApplyEisTableConfig)
    [Anonymous Symbol]                       0x08000ff4   Section        0  bsp_bq7982x_app.o(.text.AutoAddress)
    [Anonymous Symbol]                       0x08001074   Section        0  bsp_bq7982x_app.o(.text.BQ7982X_ApplyActiveCellCount)
    BQ7982X_ConfigDigitalSync                0x080010dd   Thumb Code   188  bsp_bq7982x_app.o(.text.BQ7982X_ConfigDigitalSync)
    [Anonymous Symbol]                       0x080010dc   Section        0  bsp_bq7982x_app.o(.text.BQ7982X_ConfigDigitalSync)
    [Anonymous Symbol]                       0x08001198   Section        0  bsp_bq7982x_app.o(.text.BQ7982X_DetectSiliconRevision)
    [Anonymous Symbol]                       0x08001218   Section        0  bsp_bq7982x_app.o(.text.BQ7982X_GetActiveCellCount)
    [Anonymous Symbol]                       0x08001224   Section        0  bsp_bq7982x_app.o(.text.BQ7982X_GetPartId)
    [Anonymous Symbol]                       0x08001230   Section        0  bsp_bq7982x_app.o(.text.BQ7982X_GetTapeoutRevision)
    [Anonymous Symbol]                       0x0800123c   Section        0  bsp_bq7982x_app.o(.text.BQ7982X_GotoSleep)
    [Anonymous Symbol]                       0x08001284   Section        0  bsp_bq7982x_app.o(.text.BQ7982X_IsC0Revision)
    [Anonymous Symbol]                       0x08001290   Section        0  bsp_bq7982x_app.o(.text.BQ7982X_NormalizeCellCount)
    [Anonymous Symbol]                       0x080012a0   Section        0  bsp_bq7982x_app.o(.text.BQ7982X_ReadActiveCellCount)
    [Anonymous Symbol]                       0x08001304   Section        0  bsp_bq7982x_app.o(.text.BQ7982X_SetActiveCellCount)
    [Anonymous Symbol]                       0x08001318   Section        0  bsp_bq7982x_app.o(.text.BQ7982X_SetGpio20High)
    [Anonymous Symbol]                       0x08001370   Section        0  bsp_bq7982x_app.o(.text.BQ7982X_SoftReset)
    [Anonymous Symbol]                       0x080013b8   Section        0  bsp_bq7982x_app.o(.text.BQ7982X_VerifyActiveCellCount)
    [Anonymous Symbol]                       0x08001404   Section        0  bsp_bq7982x_app.o(.text.BQ7982x_Manual_Sync_Proc)
    [Anonymous Symbol]                       0x08001430   Section        0  bsp_bq7982x_app.o(.text.BQParamInit)
    [Anonymous Symbol]                       0x08001458   Section        0  bsp_bq7982x.o(.text.CRC16)
    ClampEisCellCount                        0x08001489   Thumb Code    16  main.o(.text.ClampEisCellCount)
    [Anonymous Symbol]                       0x08001488   Section        0  main.o(.text.ClampEisCellCount)
    [Anonymous Symbol]                       0x08001498   Section        0  system_n32l40x.o(.text.ConfigMRVoltage1V)
    [Anonymous Symbol]                       0x0800150c   Section        0  projectconfig.o(.text.DEVICE_DELAY_MS)
    [Anonymous Symbol]                       0x08001528   Section        0  projectconfig.o(.text.DEVICE_DELAY_US)
    [Anonymous Symbol]                       0x08001580   Section        0  bsp_bq7982x_app.o(.text.DigitalSyncEvery10ms)
    [Anonymous Symbol]                       0x08001634   Section        0  bsp_bq7982x_app.o(.text.Digital_Sync_counter)
    [Anonymous Symbol]                       0x08001688   Section        0  bsp_bq7982x_app.o(.text.DisableTimeout)
    [Anonymous Symbol]                       0x080016dc   Section        0  bsp_bq7982x_app.o(.text.EISCompleteCheck)
    [Anonymous Symbol]                       0x08001714   Section        0  bsp_bq7982x_app.o(.text.EIS_Config)
    [Anonymous Symbol]                       0x08001ac4   Section        0  bsp_bq7982x_app.o(.text.EIS_PWM)
    [Anonymous Symbol]                       0x08001b8c   Section        0  bsp_bq7982x_app.o(.text.EIS_Para_Calculation)
    [Anonymous Symbol]                       0x08001d80   Section        0  bsp_bq7982x_app.o(.text.EIS_SMART_FREEZE)
    [Anonymous Symbol]                       0x08001e84   Section        0  bsp_bq7982x_app.o(.text.EIS_Stop)
    [Anonymous Symbol]                       0x08001f18   Section        0  bsp_bq7982x_app.o(.text.EIS_Z_Cal)
    EisResultCount                           0x08002175   Thumb Code    12  main.o(.text.EisResultCount)
    [Anonymous Symbol]                       0x08002174   Section        0  main.o(.text.EisResultCount)
    EisScanGpioInit                          0x08002181   Thumb Code    36  main.o(.text.EisScanGpioInit)
    [Anonymous Symbol]                       0x08002180   Section        0  main.o(.text.EisScanGpioInit)
    EisScanGpioSet                           0x080021a5   Thumb Code    28  main.o(.text.EisScanGpioSet)
    [Anonymous Symbol]                       0x080021a4   Section        0  main.o(.text.EisScanGpioSet)
    EisStorageIndex                          0x080021c1   Thumb Code    34  main.o(.text.EisStorageIndex)
    [Anonymous Symbol]                       0x080021c0   Section        0  main.o(.text.EisStorageIndex)
    EmitEisPoint                             0x080021e5   Thumb Code   260  main.o(.text.EmitEisPoint)
    [Anonymous Symbol]                       0x080021e4   Section        0  main.o(.text.EmitEisPoint)
    [Anonymous Symbol]                       0x08002328   Section        0  n32l40x_gpio.o(.text.GPIO_InitPeripheral)
    [Anonymous Symbol]                       0x080024cc   Section        0  n32l40x_gpio.o(.text.GPIO_InitStruct)
    InitBmicStack                            0x080024e1   Thumb Code   230  main.o(.text.InitBmicStack)
    [Anonymous Symbol]                       0x080024e0   Section        0  main.o(.text.InitBmicStack)
    [Anonymous Symbol]                       0x080025c8   Section        0  msp_gpio.o(.text.MSP_GPIO_Init)
    [Anonymous Symbol]                       0x08002624   Section        0  msp_gpio.o(.text.MSP_GPIO_Write)
    [Anonymous Symbol]                       0x08002630   Section        0  msp_spi.o(.text.MSP_SPI_Init)
    [Anonymous Symbol]                       0x080026f4   Section        0  misc.o(.text.NVIC_Init)
    [Anonymous Symbol]                       0x08002754   Section        0  bsp_bq7982x_app.o(.text.NVM_Register_Configuration)
    [Anonymous Symbol]                       0x08002b1c   Section        0  bsp_bq7982x_app.o(.text.PLL_Sync)
    [Anonymous Symbol]                       0x08002b98   Section        0  bsp_bq7982x_app.o(.text.PWM_CRYSTAL)
    [Anonymous Symbol]                       0x08002c18   Section        0  n32l40x_rcc.o(.text.RCC_EnableAPB1PeriphClk)
    [Anonymous Symbol]                       0x08002c30   Section        0  n32l40x_rcc.o(.text.RCC_EnableAPB2PeriphClk)
    [Anonymous Symbol]                       0x08002c48   Section        0  n32l40x_rcc.o(.text.RCC_GetClocksFreqValue)
    s_msiClockTable                          0x08002d20   Number         0  n32l40x_rcc.o(.text.RCC_GetClocksFreqValue)
    s_AdcHclkPresTable                       0x08002d3c   Number         0  n32l40x_rcc.o(.text.RCC_GetClocksFreqValue)
    s_AdcPllClkPresTable                     0x08002d4c   Number         0  n32l40x_rcc.o(.text.RCC_GetClocksFreqValue)
    [Anonymous Symbol]                       0x08002d6c   Section        0  bsp_bq7982x.o(.text.ReadFrameReq)
    [Anonymous Symbol]                       0x08002da4   Section        0  bsp_bq7982x.o(.text.ReadReg)
    [Anonymous Symbol]                       0x08002e08   Section        0  bsp_bq7982x_app.o(.text.Read_EIS_CC)
    [Anonymous Symbol]                       0x08003040   Section        0  bsp_bq7982x_app.o(.text.Read_EIS_CV)
    [Anonymous Symbol]                       0x08003454   Section        0  bsp_bq7982x.o(.text.Receive_TO)
    ReportEisStatus                          0x080034f1   Thumb Code   144  main.o(.text.ReportEisStatus)
    [Anonymous Symbol]                       0x080034f0   Section        0  main.o(.text.ReportEisStatus)
    [Anonymous Symbol]                       0x080035b0   Section        0  n32l40x_spi.o(.text.SPI_Enable)
    [Anonymous Symbol]                       0x080035c4   Section        0  n32l40x_spi.o(.text.SPI_I2S_GetStatus)
    [Anonymous Symbol]                       0x080035d0   Section        0  n32l40x_spi.o(.text.SPI_I2S_ReceiveData)
    [Anonymous Symbol]                       0x080035d4   Section        0  n32l40x_spi.o(.text.SPI_I2S_TransmitData)
    [Anonymous Symbol]                       0x080035d8   Section        0  n32l40x_spi.o(.text.SPI_Init)
    [Anonymous Symbol]                       0x08003620   Section        0  msp_spi.o(.text.SPI_readDataBlockingFIFO)
    [Anonymous Symbol]                       0x08003648   Section        0  msp_spi.o(.text.SPI_writeDataBlockingFIFO)
    SetSysClock                              0x08003671   Thumb Code   204  system_n32l40x.o(.text.SetSysClock)
    [Anonymous Symbol]                       0x08003670   Section        0  system_n32l40x.o(.text.SetSysClock)
    [Anonymous Symbol]                       0x0800373c   Section        0  bsp_bq7982x.o(.text.SleepWake798XX)
    [Anonymous Symbol]                       0x08003780   Section        0  bsp_bq7982x_app.o(.text.SleepWakeStackDevice)
    [Anonymous Symbol]                       0x08003818   Section        0  main.o(.text.SysTask_DigitalSync)
    [Anonymous Symbol]                       0x08003848   Section        0  main.o(.text.SysTask_ReadEis)
    [Anonymous Symbol]                       0x08003ac8   Section        0  main.o(.text.SysTask_SetEisDFE)
    [Anonymous Symbol]                       0x08003be4   Section        0  main.o(.text.SysTask_StartEisDFT)
    SysTick_Config                           0x08003c0d   Thumb Code    36  msp_it.o(.text.SysTick_Config)
    [Anonymous Symbol]                       0x08003c0c   Section        0  msp_it.o(.text.SysTick_Config)
    [Anonymous Symbol]                       0x08003c30   Section        0  msp_it.o(.text.SysTick_Handler)
    [Anonymous Symbol]                       0x08003d14   Section        0  system_n32l40x.o(.text.SystemInit)
    [Anonymous Symbol]                       0x08003de0   Section        0  msp_it.o(.text.USART2_IRQHandler)
    [Anonymous Symbol]                       0x080041f4   Section        0  n32l40x_usart.o(.text.USART_ClrIntPendingBit)
    [Anonymous Symbol]                       0x08004204   Section        0  n32l40x_usart.o(.text.USART_ConfigInt)
    [Anonymous Symbol]                       0x08004234   Section        0  n32l40x_usart.o(.text.USART_Enable)
    [Anonymous Symbol]                       0x08004248   Section        0  n32l40x_usart.o(.text.USART_GetFlagStatus)
    [Anonymous Symbol]                       0x08004254   Section        0  n32l40x_usart.o(.text.USART_GetIntStatus)
    [Anonymous Symbol]                       0x08004284   Section        0  n32l40x_usart.o(.text.USART_Init)
    [Anonymous Symbol]                       0x0800432c   Section        0  n32l40x_usart.o(.text.USART_ReceiveData)
    [Anonymous Symbol]                       0x08004334   Section        0  n32l40x_usart.o(.text.USART_SendData)
    [Anonymous Symbol]                       0x0800433c   Section        0  n32l40x_usart.o(.text.USART_StructInit)
    [Anonymous Symbol]                       0x08004350   Section        0  bsp_bq7982x.o(.text.Wake798XX)
    [Anonymous Symbol]                       0x08004394   Section        0  bsp_bq7982x.o(.text.Wake798XX_PingInit)
    [Anonymous Symbol]                       0x080043fc   Section        0  bsp_bq7982x_app.o(.text.WakeStackDevice)
    [Anonymous Symbol]                       0x0800445c   Section        0  bsp_bq7982x.o(.text.WriteFrame)
    [Anonymous Symbol]                       0x08004568   Section        0  bsp_bq7982x.o(.text.WriteReg)
    __NVIC_SetPriority                       0x0800462d   Thumb Code    14  msp_it.o(.text.__NVIC_SetPriority)
    [Anonymous Symbol]                       0x0800462c   Section        0  msp_it.o(.text.__NVIC_SetPriority)
    [Anonymous Symbol]                       0x0800463c   Section        0  msp_uart.o(.text.fputc)
    [Anonymous Symbol]                       0x08004670   Section        0  msp_uart.o(.text.log_uart_init)
    [Anonymous Symbol]                       0x08004718   Section        0  msp_uart.o(.text.log_uart_wait_tx_complete)
    [Anonymous Symbol]                       0x08004740   Section        0  main.o(.text.main)
    [Anonymous Symbol]                       0x08004cb8   Section        0  msp_it.o(.text.systick_init)
    i.__0printf                              0x08004cd8   Section        0  printfa.o(i.__0printf)
    i.__ARM_fpclassify                       0x08004cf8   Section        0  fpclassify.o(i.__ARM_fpclassify)
    i.__aeabi_errno_addr                     0x08004d28   Section        0  errno.o(i.__aeabi_errno_addr)
    i.__hardfp_atan                          0x08004d30   Section        0  atan.o(i.__hardfp_atan)
    i.__hardfp_atan2                         0x08005008   Section        0  atan2.o(i.__hardfp_atan2)
    i.__hardfp_atof                          0x08005208   Section        0  atof.o(i.__hardfp_atof)
    i.__hardfp_ceilf                         0x08005240   Section        0  ceilf.o(i.__hardfp_ceilf)
    i.__hardfp_roundf                        0x080052ac   Section        0  roundf.o(i.__hardfp_roundf)
    i.__hardfp_sqrtf                         0x08005346   Section        0  sqrtf.o(i.__hardfp_sqrtf)
    i.__hardfp_strtof                        0x08005380   Section        0  strtof.o(i.__hardfp_strtof)
    i.__kernel_poly                          0x080053a0   Section        0  poly.o(i.__kernel_poly)
    i.__mathlib_dbl_infnan                   0x08005498   Section        0  dunder.o(i.__mathlib_dbl_infnan)
    i.__mathlib_dbl_infnan2                  0x080054ac   Section        0  dunder.o(i.__mathlib_dbl_infnan2)
    i.__mathlib_dbl_underflow                0x080054c0   Section        0  dunder.o(i.__mathlib_dbl_underflow)
    i.__read_errno                           0x080054e0   Section        0  errno.o(i.__read_errno)
    i.__scatterload_copy                     0x080054ec   Section       14  handlers.o(i.__scatterload_copy)
    i.__scatterload_null                     0x080054fa   Section        2  handlers.o(i.__scatterload_null)
    i.__scatterload_zeroinit                 0x080054fc   Section       14  handlers.o(i.__scatterload_zeroinit)
    i.__set_errno                            0x0800550c   Section        0  errno.o(i.__set_errno)
    _fp_digits                               0x08005519   Thumb Code   366  printfa.o(i._fp_digits)
    i._fp_digits                             0x08005518   Section        0  printfa.o(i._fp_digits)
    i._is_digit                              0x0800569c   Section        0  scanf_fp.o(i._is_digit)
    _printf_core                             0x080056ad   Thumb Code  1744  printfa.o(i._printf_core)
    i._printf_core                           0x080056ac   Section        0  printfa.o(i._printf_core)
    _printf_post_padding                     0x08005d89   Thumb Code    36  printfa.o(i._printf_post_padding)
    i._printf_post_padding                   0x08005d88   Section        0  printfa.o(i._printf_post_padding)
    _printf_pre_padding                      0x08005dad   Thumb Code    46  printfa.o(i._printf_pre_padding)
    i._printf_pre_padding                    0x08005dac   Section        0  printfa.o(i._printf_pre_padding)
    i.atan                                   0x08005dda   Section        0  atan.o(i.atan)
    i.fabs                                   0x08005dea   Section        0  fabs.o(i.fabs)
    i.puts                                   0x08005e04   Section        0  puts.o(i.puts)
    atanhi                                   0x08005e28   Data          32  atan.o(.constdata)
    .constdata                               0x08005e28   Section      152  atan.o(.constdata)
    atanlo                                   0x08005e48   Data          32  atan.o(.constdata)
    aTodd                                    0x08005e68   Data          40  atan.o(.constdata)
    aTeven                                   0x08005e90   Data          48  atan.o(.constdata)
    .constdata                               0x08005ec0   Section        8  qnan.o(.constdata)
    .constdata                               0x08005ec8   Section      129  ctype_o.o(.constdata)
    table                                    0x08005f4c   Data           4  ctype_o.o(.constdata)
    .constdata                               0x08005f4c   Section        4  ctype_o.o(.constdata)
    s_ApbAhbPresTable                        0x08006150   Data          16  n32l40x_rcc.o(.rodata.cst16)
    [Anonymous Symbol]                       0x08006150   Section        0  n32l40x_rcc.o(.rodata.cst16)
    .L.str.6                                 0x08006160   Data          24  main.o(.rodata.str1.1)
    [Anonymous Symbol]                       0x08006160   Section        0  main.o(.rodata.str1.1)
    .Lstr                                    0x08006178   Data          27  main.o(.rodata.str1.1)
    .Lstr.16                                 0x08006178   Data          27  main.o(.rodata.str1.1)
    .Lstr.15                                 0x08006193   Data          16  main.o(.rodata.str1.1)
    .Lstr.17                                 0x08006193   Data          16  main.o(.rodata.str1.1)
    .data                                    0x20000000   Section        4  stdout.o(.data)
    _errno                                   0x20000004   Data           4  errno.o(.data)
    .data                                    0x20000004   Section        4  errno.o(.data)
    SysTask_SetEisDFE.eis_f_count            0x20000008   Data           1  main.o(.data.SysTask_SetEisDFE.eis_f_count)
    [Anonymous Symbol]                       0x20000008   Section        0  main.o(.data.SysTask_SetEisDFE.eis_f_count)
    s_bq7982x_active_cell_count              0x20000161   Data           1  bsp_bq7982x_app.o(.data.s_bq7982x_active_cell_count)
    [Anonymous Symbol]                       0x20000161   Section        0  bsp_bq7982x_app.o(.data.s_bq7982x_active_cell_count)
    BQ7982x_Manual_Sync_Proc.dig_sync_counter 0x20000168   Data           4  bsp_bq7982x_app.o(.bss.BQ7982x_Manual_Sync_Proc.dig_sync_counter)
    [Anonymous Symbol]                       0x20000168   Section        0  bsp_bq7982x_app.o(.bss.BQ7982x_Manual_Sync_Proc.dig_sync_counter)
    USART2_IRQHandler.rx_buf                 0x2000016c   Data          96  msp_it.o(.bss.USART2_IRQHandler.rx_buf)
    [Anonymous Symbol]                       0x2000016c   Section        0  msp_it.o(.bss.USART2_IRQHandler.rx_buf)
    USART2_IRQHandler.rx_idx                 0x200001cc   Data           1  msp_it.o(.bss.USART2_IRQHandler.rx_idx)
    [Anonymous Symbol]                       0x200001cc   Section        0  msp_it.o(.bss.USART2_IRQHandler.rx_idx)
    gBqStackReady                            0x2000093b   Data           1  main.o(.bss.gBqStackReady)
    [Anonymous Symbol]                       0x2000093b   Section        0  main.o(.bss.gBqStackReady)
    s_bq7982x_is_c0_revision                 0x20000a70   Data           1  bsp_bq7982x_app.o(.bss.s_bq7982x_is_c0_revision)
    [Anonymous Symbol]                       0x20000a70   Section        0  bsp_bq7982x_app.o(.bss.s_bq7982x_is_c0_revision)
    s_bq7982x_part_id                        0x20000a71   Data           1  bsp_bq7982x_app.o(.bss.s_bq7982x_part_id)
    [Anonymous Symbol]                       0x20000a71   Section        0  bsp_bq7982x_app.o(.bss.s_bq7982x_part_id)
    s_bq7982x_tapeout_revision               0x20000a72   Data           1  bsp_bq7982x_app.o(.bss.s_bq7982x_tapeout_revision)
    [Anonymous Symbol]                       0x20000a72   Section        0  bsp_bq7982x_app.o(.bss.s_bq7982x_tapeout_revision)
    STACK                                    0x20001ec8   Section     2048  startup_n32l40x.o(STACK)

    Global Symbols

    Symbol Name                              Value     Ov Type        Size  Object(Section)

    BuildAttributes$$THM_ISAv4$E$P$D$K$B$S$7EM$VFPi3$EXTD16$VFPS$VFMA$PE$A:L22UL41UL21$X:L11$S22US41US21$IEEE1$IW$~IW$USESV6$~STKCKD$USESV7$~SHL$OTIME$ROPI$IEEEX$EBA8$MICROLIB$REQ8$PRES8$EABIv2 0x00000000   Number         0  anon$$obj.o ABSOLUTE
    _printf_a                                0x00000000   Number         0  printfstubs.o ABSOLUTE
    _printf_c                                0x00000000   Number         0  printfstubs.o ABSOLUTE
    _printf_charcount                        0x00000000   Number         0  printfstubs.o ABSOLUTE
    _printf_d                                0x00000000   Number         0  printfstubs.o ABSOLUTE
    _printf_e                                0x00000000   Number         0  printfstubs.o ABSOLUTE
    _printf_f                                0x00000000   Number         0  printfstubs.o ABSOLUTE
    _printf_flags                            0x00000000   Number         0  printfstubs.o ABSOLUTE
    _printf_fp_dec                           0x00000000   Number         0  printfstubs.o ABSOLUTE
    _printf_fp_hex                           0x00000000   Number         0  printfstubs.o ABSOLUTE
    _printf_g                                0x00000000   Number         0  printfstubs.o ABSOLUTE
    _printf_i                                0x00000000   Number         0  printfstubs.o ABSOLUTE
    _printf_int_dec                          0x00000000   Number         0  printfstubs.o ABSOLUTE
    _printf_l                                0x00000000   Number         0  printfstubs.o ABSOLUTE
    _printf_lc                               0x00000000   Number         0  printfstubs.o ABSOLUTE
    _printf_ll                               0x00000000   Number         0  printfstubs.o ABSOLUTE
    _printf_lld                              0x00000000   Number         0  printfstubs.o ABSOLUTE
    _printf_lli                              0x00000000   Number         0  printfstubs.o ABSOLUTE
    _printf_llo                              0x00000000   Number         0  printfstubs.o ABSOLUTE
    _printf_llu                              0x00000000   Number         0  printfstubs.o ABSOLUTE
    _printf_llx                              0x00000000   Number         0  printfstubs.o ABSOLUTE
    _printf_longlong_dec                     0x00000000   Number         0  printfstubs.o ABSOLUTE
    _printf_longlong_hex                     0x00000000   Number         0  printfstubs.o ABSOLUTE
    _printf_longlong_oct                     0x00000000   Number         0  printfstubs.o ABSOLUTE
    _printf_ls                               0x00000000   Number         0  printfstubs.o ABSOLUTE
    _printf_mbtowc                           0x00000000   Number         0  printfstubs.o ABSOLUTE
    _printf_n                                0x00000000   Number         0  printfstubs.o ABSOLUTE
    _printf_o                                0x00000000   Number         0  printfstubs.o ABSOLUTE
    _printf_p                                0x00000000   Number         0  printfstubs.o ABSOLUTE
    _printf_percent                          0x00000000   Number         0  printfstubs.o ABSOLUTE
    _printf_pre_padding                      0x00000000   Number         0  printfstubs.o ABSOLUTE
    _printf_return_value                     0x00000000   Number         0  printfstubs.o ABSOLUTE
    _printf_s                                0x00000000   Number         0  printfstubs.o ABSOLUTE
    _printf_sizespec                         0x00000000   Number         0  printfstubs.o ABSOLUTE
    _printf_str                              0x00000000   Number         0  printfstubs.o ABSOLUTE
    _printf_truncate_signed                  0x00000000   Number         0  printfstubs.o ABSOLUTE
    _printf_truncate_unsigned                0x00000000   Number         0  printfstubs.o ABSOLUTE
    _printf_u                                0x00000000   Number         0  printfstubs.o ABSOLUTE
    _printf_wc                               0x00000000   Number         0  printfstubs.o ABSOLUTE
    _printf_wctomb                           0x00000000   Number         0  printfstubs.o ABSOLUTE
    _printf_widthprec                        0x00000000   Number         0  printfstubs.o ABSOLUTE
    _printf_x                                0x00000000   Number         0  printfstubs.o ABSOLUTE
    __cpp_initialize__aeabi_                  - Undefined Weak Reference
    __cxa_finalize                            - Undefined Weak Reference
    _clock_init                               - Undefined Weak Reference
    _microlib_exit                            - Undefined Weak Reference
    __Vectors_Size                           0x00000148   Number         0  startup_n32l40x.o ABSOLUTE
    __Vectors                                0x08000000   Data           4  startup_n32l40x.o(RESET)
    __Vectors_End                            0x08000148   Data           0  startup_n32l40x.o(RESET)
    __main                                   0x08000149   Thumb Code     0  entry.o(.ARM.Collect$$$$00000000)
    _main_stk                                0x08000149   Thumb Code     0  entry2.o(.ARM.Collect$$$$00000001)
    _main_scatterload                        0x0800014d   Thumb Code     0  entry5.o(.ARM.Collect$$$$00000004)
    __main_after_scatterload                 0x08000151   Thumb Code     0  entry5.o(.ARM.Collect$$$$00000004)
    _main_clock                              0x08000151   Thumb Code     0  entry7b.o(.ARM.Collect$$$$00000008)
    _main_cpp_init                           0x08000151   Thumb Code     0  entry8b.o(.ARM.Collect$$$$0000000A)
    _main_init                               0x08000151   Thumb Code     0  entry9a.o(.ARM.Collect$$$$0000000B)
    __rt_final_cpp                           0x08000159   Thumb Code     0  entry10a.o(.ARM.Collect$$$$0000000D)
    __rt_final_exit                          0x08000159   Thumb Code     0  entry11a.o(.ARM.Collect$$$$0000000F)
    Reset_Handler                            0x0800015d   Thumb Code     8  startup_n32l40x.o(.text)
    NMI_Handler                              0x08000165   Thumb Code     2  startup_n32l40x.o(.text)
    HardFault_Handler                        0x08000167   Thumb Code     2  startup_n32l40x.o(.text)
    MemManage_Handler                        0x08000169   Thumb Code     2  startup_n32l40x.o(.text)
    BusFault_Handler                         0x0800016b   Thumb Code     2  startup_n32l40x.o(.text)
    UsageFault_Handler                       0x0800016d   Thumb Code     2  startup_n32l40x.o(.text)
    SVC_Handler                              0x0800016f   Thumb Code     2  startup_n32l40x.o(.text)
    DebugMon_Handler                         0x08000171   Thumb Code     2  startup_n32l40x.o(.text)
    PendSV_Handler                           0x08000173   Thumb Code     2  startup_n32l40x.o(.text)
    ADC_IRQHandler                           0x08000177   Thumb Code     0  startup_n32l40x.o(.text)
    CAN_RX0_IRQHandler                       0x08000177   Thumb Code     0  startup_n32l40x.o(.text)
    CAN_RX1_IRQHandler                       0x08000177   Thumb Code     0  startup_n32l40x.o(.text)
    CAN_SCE_IRQHandler                       0x08000177   Thumb Code     0  startup_n32l40x.o(.text)
    CAN_TX_IRQHandler                        0x08000177   Thumb Code     0  startup_n32l40x.o(.text)
    COMP_1_2_IRQHandler                      0x08000177   Thumb Code     0  startup_n32l40x.o(.text)
    DMA_Channel1_IRQHandler                  0x08000177   Thumb Code     0  startup_n32l40x.o(.text)
    DMA_Channel2_IRQHandler                  0x08000177   Thumb Code     0  startup_n32l40x.o(.text)
    DMA_Channel3_IRQHandler                  0x08000177   Thumb Code     0  startup_n32l40x.o(.text)
    DMA_Channel4_IRQHandler                  0x08000177   Thumb Code     0  startup_n32l40x.o(.text)
    DMA_Channel5_IRQHandler                  0x08000177   Thumb Code     0  startup_n32l40x.o(.text)
    DMA_Channel6_IRQHandler                  0x08000177   Thumb Code     0  startup_n32l40x.o(.text)
    DMA_Channel7_IRQHandler                  0x08000177   Thumb Code     0  startup_n32l40x.o(.text)
    DMA_Channel8_IRQHandler                  0x08000177   Thumb Code     0  startup_n32l40x.o(.text)
    EXTI0_IRQHandler                         0x08000177   Thumb Code     0  startup_n32l40x.o(.text)
    EXTI15_10_IRQHandler                     0x08000177   Thumb Code     0  startup_n32l40x.o(.text)
    EXTI1_IRQHandler                         0x08000177   Thumb Code     0  startup_n32l40x.o(.text)
    EXTI2_IRQHandler                         0x08000177   Thumb Code     0  startup_n32l40x.o(.text)
    EXTI3_IRQHandler                         0x08000177   Thumb Code     0  startup_n32l40x.o(.text)
    EXTI4_IRQHandler                         0x08000177   Thumb Code     0  startup_n32l40x.o(.text)
    EXTI9_5_IRQHandler                       0x08000177   Thumb Code     0  startup_n32l40x.o(.text)
    FLASH_IRQHandler                         0x08000177   Thumb Code     0  startup_n32l40x.o(.text)
    I2C1_ER_IRQHandler                       0x08000177   Thumb Code     0  startup_n32l40x.o(.text)
    I2C1_EV_IRQHandler                       0x08000177   Thumb Code     0  startup_n32l40x.o(.text)
    I2C2_ER_IRQHandler                       0x08000177   Thumb Code     0  startup_n32l40x.o(.text)
    I2C2_EV_IRQHandler                       0x08000177   Thumb Code     0  startup_n32l40x.o(.text)
    LCD_IRQHandler                           0x08000177   Thumb Code     0  startup_n32l40x.o(.text)
    LPTIM_WKUP_IRQHandler                    0x08000177   Thumb Code     0  startup_n32l40x.o(.text)
    LPUART_IRQHandler                        0x08000177   Thumb Code     0  startup_n32l40x.o(.text)
    LPUART_WKUP_IRQHandler                   0x08000177   Thumb Code     0  startup_n32l40x.o(.text)
    MMU_IRQHandler                           0x08000177   Thumb Code     0  startup_n32l40x.o(.text)
    PVD_IRQHandler                           0x08000177   Thumb Code     0  startup_n32l40x.o(.text)
    RAMC_PERR_IRQHandler                     0x08000177   Thumb Code     0  startup_n32l40x.o(.text)
    RCC_IRQHandler                           0x08000177   Thumb Code     0  startup_n32l40x.o(.text)
    RTCAlarm_IRQHandler                      0x08000177   Thumb Code     0  startup_n32l40x.o(.text)
    RTC_WKUP_IRQHandler                      0x08000177   Thumb Code     0  startup_n32l40x.o(.text)
    SAC_IRQHandler                           0x08000177   Thumb Code     0  startup_n32l40x.o(.text)
    SPI1_IRQHandler                          0x08000177   Thumb Code     0  startup_n32l40x.o(.text)
    SPI2_IRQHandler                          0x08000177   Thumb Code     0  startup_n32l40x.o(.text)
    TAMPER_IRQHandler                        0x08000177   Thumb Code     0  startup_n32l40x.o(.text)
    TIM1_BRK_IRQHandler                      0x08000177   Thumb Code     0  startup_n32l40x.o(.text)
    TIM1_CC_IRQHandler                       0x08000177   Thumb Code     0  startup_n32l40x.o(.text)
    TIM1_TRG_COM_IRQHandler                  0x08000177   Thumb Code     0  startup_n32l40x.o(.text)
    TIM1_UP_IRQHandler                       0x08000177   Thumb Code     0  startup_n32l40x.o(.text)
    TIM2_IRQHandler                          0x08000177   Thumb Code     0  startup_n32l40x.o(.text)
    TIM3_IRQHandler                          0x08000177   Thumb Code     0  startup_n32l40x.o(.text)
    TIM4_IRQHandler                          0x08000177   Thumb Code     0  startup_n32l40x.o(.text)
    TIM5_IRQHandler                          0x08000177   Thumb Code     0  startup_n32l40x.o(.text)
    TIM6_IRQHandler                          0x08000177   Thumb Code     0  startup_n32l40x.o(.text)
    TIM7_IRQHandler                          0x08000177   Thumb Code     0  startup_n32l40x.o(.text)
    TIM8_BRK_IRQHandler                      0x08000177   Thumb Code     0  startup_n32l40x.o(.text)
    TIM8_CC_IRQHandler                       0x08000177   Thumb Code     0  startup_n32l40x.o(.text)
    TIM8_TRG_COM_IRQHandler                  0x08000177   Thumb Code     0  startup_n32l40x.o(.text)
    TIM8_UP_IRQHandler                       0x08000177   Thumb Code     0  startup_n32l40x.o(.text)
    TIM9_IRQHandler                          0x08000177   Thumb Code     0  startup_n32l40x.o(.text)
    TSC_IRQHandler                           0x08000177   Thumb Code     0  startup_n32l40x.o(.text)
    UART4_IRQHandler                         0x08000177   Thumb Code     0  startup_n32l40x.o(.text)
    UART5_IRQHandler                         0x08000177   Thumb Code     0  startup_n32l40x.o(.text)
    UCDR_IRQHandler                          0x08000177   Thumb Code     0  startup_n32l40x.o(.text)
    USART1_IRQHandler                        0x08000177   Thumb Code     0  startup_n32l40x.o(.text)
    USART3_IRQHandler                        0x08000177   Thumb Code     0  startup_n32l40x.o(.text)
    USBWakeUp_IRQHandler                     0x08000177   Thumb Code     0  startup_n32l40x.o(.text)
    USB_HP_IRQHandler                        0x08000177   Thumb Code     0  startup_n32l40x.o(.text)
    USB_LP_IRQHandler                        0x08000177   Thumb Code     0  startup_n32l40x.o(.text)
    WWDG_IRQHandler                          0x08000177   Thumb Code     0  startup_n32l40x.o(.text)
    __aeabi_memset                           0x08000181   Thumb Code    14  memseta.o(.text)
    __aeabi_memset4                          0x08000181   Thumb Code     0  memseta.o(.text)
    __aeabi_memset8                          0x08000181   Thumb Code     0  memseta.o(.text)
    __aeabi_memclr                           0x0800018f   Thumb Code     4  memseta.o(.text)
    __aeabi_memclr4                          0x0800018f   Thumb Code     0  memseta.o(.text)
    __aeabi_memclr8                          0x0800018f   Thumb Code     0  memseta.o(.text)
    _memset$wrapper                          0x08000193   Thumb Code    18  memseta.o(.text)
    memcmp                                   0x080001a5   Thumb Code    26  memcmp.o(.text)
    strtoul                                  0x080001bf   Thumb Code   114  strtoul.o(.text)
    __aeabi_dadd                             0x08000231   Thumb Code   322  dadd.o(.text)
    __aeabi_dsub                             0x08000373   Thumb Code     6  dadd.o(.text)
    __aeabi_drsub                            0x08000379   Thumb Code     6  dadd.o(.text)
    __aeabi_dmul                             0x0800037f   Thumb Code   228  dmul.o(.text)
    __aeabi_ddiv                             0x08000463   Thumb Code   222  ddiv.o(.text)
    __aeabi_ui2d                             0x08000541   Thumb Code    26  dfltui.o(.text)
    __aeabi_f2d                              0x0800055b   Thumb Code    38  f2d.o(.text)
    __aeabi_d2f                              0x08000581   Thumb Code    56  d2f.o(.text)
    __aeabi_uidiv                            0x080005b9   Thumb Code     0  uidiv.o(.text)
    __aeabi_uidivmod                         0x080005b9   Thumb Code    44  uidiv.o(.text)
    __aeabi_uldivmod                         0x080005e5   Thumb Code    98  uldiv.o(.text)
    __aeabi_llsl                             0x08000647   Thumb Code    30  llshl.o(.text)
    _ll_shift_l                              0x08000647   Thumb Code     0  llshl.o(.text)
    __aeabi_lasr                             0x08000665   Thumb Code    36  llsshr.o(.text)
    _ll_sshift_r                             0x08000665   Thumb Code     0  llsshr.o(.text)
    __rt_ctype_table                         0x08000689   Thumb Code     4  ctype_o.o(.text)
    isspace                                  0x08000691   Thumb Code    18  isspace_o.o(.text)
    _strtoul                                 0x080006a3   Thumb Code   158  _strtoul.o(.text)
    __strtod_int                             0x0800077f   Thumb Code    94  strtod.o(.text)
    __strtof_int                             0x080007e9   Thumb Code     8  strtof.o(.text)
    __I$use$fp                               0x080007f1   Thumb Code     0  iusefp.o(.text)
    _float_round                             0x080007f1   Thumb Code    18  fepilogue.o(.text)
    _float_epilogue                          0x08000803   Thumb Code    92  fepilogue.o(.text)
    _frnd                                    0x0800085f   Thumb Code    60  frnd.o(.text)
    _double_round                            0x0800089b   Thumb Code    30  depilogue.o(.text)
    _double_epilogue                         0x080008b9   Thumb Code   156  depilogue.o(.text)
    __aeabi_d2ulz                            0x08000955   Thumb Code    48  dfixul.o(.text)
    __aeabi_cdcmpeq                          0x08000985   Thumb Code     0  cdcmple.o(.text)
    __aeabi_cdcmple                          0x08000985   Thumb Code    48  cdcmple.o(.text)
    __aeabi_cdrcmple                         0x080009b5   Thumb Code    48  cdrcmple.o(.text)
    __scatterload                            0x080009e5   Thumb Code    28  init.o(.text)
    __scatterload_rt2                        0x080009e5   Thumb Code     0  init.o(.text)
    __aeabi_llsr                             0x08000a09   Thumb Code    32  llushr.o(.text)
    _ll_ushift_r                             0x08000a09   Thumb Code     0  llushr.o(.text)
    _chval                                   0x08000a29   Thumb Code    28  _chval.o(.text)
    _scanf_real                              0x08000b6d   Thumb Code     0  scanf_fp.o(.text)
    _scanf_really_real                       0x08000b6d   Thumb Code   556  scanf_fp.o(.text)
    _sgetc                                   0x08000da5   Thumb Code    30  _sgetc.o(.text)
    _sbackspace                              0x08000dc3   Thumb Code    34  _sgetc.o(.text)
    __aeabi_ul2d                             0x08000de5   Thumb Code    24  dfltul.o(.text)
    __decompress                             0x08000dfd   Thumb Code     0  __dczerorl2.o(.text)
    __decompress1                            0x08000dfd   Thumb Code    86  __dczerorl2.o(.text)
    AFE_Check_AllStable                      0x08000e55   Thumb Code     8  bsp_bq7982x_app.o(.text.AFE_Check_AllStable)
    AutoAddress                              0x08000ff5   Thumb Code   128  bsp_bq7982x_app.o(.text.AutoAddress)
    BQ7982X_ApplyActiveCellCount             0x08001075   Thumb Code   104  bsp_bq7982x_app.o(.text.BQ7982X_ApplyActiveCellCount)
    BQ7982X_DetectSiliconRevision            0x08001199   Thumb Code   128  bsp_bq7982x_app.o(.text.BQ7982X_DetectSiliconRevision)
    BQ7982X_GetActiveCellCount               0x08001219   Thumb Code    12  bsp_bq7982x_app.o(.text.BQ7982X_GetActiveCellCount)
    BQ7982X_GetPartId                        0x08001225   Thumb Code    12  bsp_bq7982x_app.o(.text.BQ7982X_GetPartId)
    BQ7982X_GetTapeoutRevision               0x08001231   Thumb Code    12  bsp_bq7982x_app.o(.text.BQ7982X_GetTapeoutRevision)
    BQ7982X_GotoSleep                        0x0800123d   Thumb Code    72  bsp_bq7982x_app.o(.text.BQ7982X_GotoSleep)
    BQ7982X_IsC0Revision                     0x08001285   Thumb Code    12  bsp_bq7982x_app.o(.text.BQ7982X_IsC0Revision)
    BQ7982X_NormalizeCellCount               0x08001291   Thumb Code    16  bsp_bq7982x_app.o(.text.BQ7982X_NormalizeCellCount)
    BQ7982X_ReadActiveCellCount              0x080012a1   Thumb Code    98  bsp_bq7982x_app.o(.text.BQ7982X_ReadActiveCellCount)
    BQ7982X_SetActiveCellCount               0x08001305   Thumb Code    18  bsp_bq7982x_app.o(.text.BQ7982X_SetActiveCellCount)
    BQ7982X_SetGpio20High                    0x08001319   Thumb Code    88  bsp_bq7982x_app.o(.text.BQ7982X_SetGpio20High)
    BQ7982X_SoftReset                        0x08001371   Thumb Code    72  bsp_bq7982x_app.o(.text.BQ7982X_SoftReset)
    BQ7982X_VerifyActiveCellCount            0x080013b9   Thumb Code    74  bsp_bq7982x_app.o(.text.BQ7982X_VerifyActiveCellCount)
    BQ7982x_Manual_Sync_Proc                 0x08001405   Thumb Code    44  bsp_bq7982x_app.o(.text.BQ7982x_Manual_Sync_Proc)
    BQParamInit                              0x08001431   Thumb Code    40  bsp_bq7982x_app.o(.text.BQParamInit)
    CRC16                                    0x08001459   Thumb Code    48  bsp_bq7982x.o(.text.CRC16)
    ConfigMRVoltage1V                        0x08001499   Thumb Code   114  system_n32l40x.o(.text.ConfigMRVoltage1V)
    DEVICE_DELAY_MS                          0x0800150d   Thumb Code    28  projectconfig.o(.text.DEVICE_DELAY_MS)
    DEVICE_DELAY_US                          0x08001529   Thumb Code    88  projectconfig.o(.text.DEVICE_DELAY_US)
    DigitalSyncEvery10ms                     0x08001581   Thumb Code   178  bsp_bq7982x_app.o(.text.DigitalSyncEvery10ms)
    Digital_Sync_counter                     0x08001635   Thumb Code    82  bsp_bq7982x_app.o(.text.Digital_Sync_counter)
    DisableTimeout                           0x08001689   Thumb Code    82  bsp_bq7982x_app.o(.text.DisableTimeout)
    EISCompleteCheck                         0x080016dd   Thumb Code    56  bsp_bq7982x_app.o(.text.EISCompleteCheck)
    EIS_Config                               0x08001715   Thumb Code   944  bsp_bq7982x_app.o(.text.EIS_Config)
    EIS_PWM                                  0x08001ac5   Thumb Code   198  bsp_bq7982x_app.o(.text.EIS_PWM)
    EIS_Para_Calculation                     0x08001b8d   Thumb Code   500  bsp_bq7982x_app.o(.text.EIS_Para_Calculation)
    EIS_SMART_FREEZE                         0x08001d81   Thumb Code   260  bsp_bq7982x_app.o(.text.EIS_SMART_FREEZE)
    EIS_Stop                                 0x08001e85   Thumb Code   142  bsp_bq7982x_app.o(.text.EIS_Stop)
    EIS_Z_Cal                                0x08001f19   Thumb Code   604  bsp_bq7982x_app.o(.text.EIS_Z_Cal)
    GPIO_InitPeripheral                      0x08002329   Thumb Code   420  n32l40x_gpio.o(.text.GPIO_InitPeripheral)
    GPIO_InitStruct                          0x080024cd   Thumb Code    18  n32l40x_gpio.o(.text.GPIO_InitStruct)
    MSP_GPIO_Init                            0x080025c9   Thumb Code    76  msp_gpio.o(.text.MSP_GPIO_Init)
    MSP_GPIO_Write                           0x08002625   Thumb Code    12  msp_gpio.o(.text.MSP_GPIO_Write)
    MSP_SPI_Init                             0x08002631   Thumb Code   196  msp_spi.o(.text.MSP_SPI_Init)
    NVIC_Init                                0x080026f5   Thumb Code    94  misc.o(.text.NVIC_Init)
    NVM_Register_Configuration               0x08002755   Thumb Code   968  bsp_bq7982x_app.o(.text.NVM_Register_Configuration)
    PLL_Sync                                 0x08002b1d   Thumb Code   124  bsp_bq7982x_app.o(.text.PLL_Sync)
    PWM_CRYSTAL                              0x08002b99   Thumb Code   128  bsp_bq7982x_app.o(.text.PWM_CRYSTAL)
    RCC_EnableAPB1PeriphClk                  0x08002c19   Thumb Code    24  n32l40x_rcc.o(.text.RCC_EnableAPB1PeriphClk)
    RCC_EnableAPB2PeriphClk                  0x08002c31   Thumb Code    24  n32l40x_rcc.o(.text.RCC_EnableAPB2PeriphClk)
    RCC_GetClocksFreqValue                   0x08002c49   Thumb Code   216  n32l40x_rcc.o(.text.RCC_GetClocksFreqValue)
    ReadFrameReq                             0x08002d6d   Thumb Code    54  bsp_bq7982x.o(.text.ReadFrameReq)
    ReadReg                                  0x08002da5   Thumb Code    96  bsp_bq7982x.o(.text.ReadReg)
    Read_EIS_CC                              0x08002e09   Thumb Code   568  bsp_bq7982x_app.o(.text.Read_EIS_CC)
    Read_EIS_CV                              0x08003041   Thumb Code  1044  bsp_bq7982x_app.o(.text.Read_EIS_CV)
    Receive_TO                               0x08003455   Thumb Code   154  bsp_bq7982x.o(.text.Receive_TO)
    SPI_Enable                               0x080035b1   Thumb Code    20  n32l40x_spi.o(.text.SPI_Enable)
    SPI_I2S_GetStatus                        0x080035c5   Thumb Code    10  n32l40x_spi.o(.text.SPI_I2S_GetStatus)
    SPI_I2S_ReceiveData                      0x080035d1   Thumb Code     4  n32l40x_spi.o(.text.SPI_I2S_ReceiveData)
    SPI_I2S_TransmitData                     0x080035d5   Thumb Code     4  n32l40x_spi.o(.text.SPI_I2S_TransmitData)
    SPI_Init                                 0x080035d9   Thumb Code    70  n32l40x_spi.o(.text.SPI_Init)
    SPI_readDataBlockingFIFO                 0x08003621   Thumb Code    40  msp_spi.o(.text.SPI_readDataBlockingFIFO)
    SPI_writeDataBlockingFIFO                0x08003649   Thumb Code    40  msp_spi.o(.text.SPI_writeDataBlockingFIFO)
    SleepWake798XX                           0x0800373d   Thumb Code    68  bsp_bq7982x.o(.text.SleepWake798XX)
    SleepWakeStackDevice                     0x08003781   Thumb Code   150  bsp_bq7982x_app.o(.text.SleepWakeStackDevice)
    SysTask_DigitalSync                      0x08003819   Thumb Code    46  main.o(.text.SysTask_DigitalSync)
    SysTask_ReadEis                          0x08003849   Thumb Code   628  main.o(.text.SysTask_ReadEis)
    SysTask_SetEisDFE                        0x08003ac9   Thumb Code   284  main.o(.text.SysTask_SetEisDFE)
    SysTask_StartEisDFT                      0x08003be5   Thumb Code    40  main.o(.text.SysTask_StartEisDFT)
    SysTick_Handler                          0x08003c31   Thumb Code   228  msp_it.o(.text.SysTick_Handler)
    SystemInit                               0x08003d15   Thumb Code   202  system_n32l40x.o(.text.SystemInit)
    USART2_IRQHandler                        0x08003de1   Thumb Code  1044  msp_it.o(.text.USART2_IRQHandler)
    USART_ClrIntPendingBit                   0x080041f5   Thumb Code    14  n32l40x_usart.o(.text.USART_ClrIntPendingBit)
    USART_ConfigInt                          0x08004205   Thumb Code    46  n32l40x_usart.o(.text.USART_ConfigInt)
    USART_Enable                             0x08004235   Thumb Code    20  n32l40x_usart.o(.text.USART_Enable)
    USART_GetFlagStatus                      0x08004249   Thumb Code    10  n32l40x_usart.o(.text.USART_GetFlagStatus)
    USART_GetIntStatus                       0x08004255   Thumb Code    48  n32l40x_usart.o(.text.USART_GetIntStatus)
    USART_Init                               0x08004285   Thumb Code   168  n32l40x_usart.o(.text.USART_Init)
    USART_ReceiveData                        0x0800432d   Thumb Code     8  n32l40x_usart.o(.text.USART_ReceiveData)
    USART_SendData                           0x08004335   Thumb Code     8  n32l40x_usart.o(.text.USART_SendData)
    USART_StructInit                         0x0800433d   Thumb Code    18  n32l40x_usart.o(.text.USART_StructInit)
    Wake798XX                                0x08004351   Thumb Code    68  bsp_bq7982x.o(.text.Wake798XX)
    Wake798XX_PingInit                       0x08004395   Thumb Code   104  bsp_bq7982x.o(.text.Wake798XX_PingInit)
    WakeStackDevice                          0x080043fd   Thumb Code    96  bsp_bq7982x_app.o(.text.WakeStackDevice)
    WriteFrame                               0x0800445d   Thumb Code   268  bsp_bq7982x.o(.text.WriteFrame)
    WriteReg                                 0x08004569   Thumb Code   196  bsp_bq7982x.o(.text.WriteReg)
    fputc                                    0x0800463d   Thumb Code    50  msp_uart.o(.text.fputc)
    log_uart_init                            0x08004671   Thumb Code   168  msp_uart.o(.text.log_uart_init)
    log_uart_wait_tx_complete                0x08004719   Thumb Code    40  msp_uart.o(.text.log_uart_wait_tx_complete)
    main                                     0x08004741   Thumb Code  1248  main.o(.text.main)
    systick_init                             0x08004cb9   Thumb Code    32  msp_it.o(.text.systick_init)
    __0printf                                0x08004cd9   Thumb Code    22  printfa.o(i.__0printf)
    __1printf                                0x08004cd9   Thumb Code     0  printfa.o(i.__0printf)
    __2printf                                0x08004cd9   Thumb Code     0  printfa.o(i.__0printf)
    __c89printf                              0x08004cd9   Thumb Code     0  printfa.o(i.__0printf)
    printf                                   0x08004cd9   Thumb Code     0  printfa.o(i.__0printf)
    __ARM_fpclassify                         0x08004cf9   Thumb Code    48  fpclassify.o(i.__ARM_fpclassify)
    __aeabi_errno_addr                       0x08004d29   Thumb Code     4  errno.o(i.__aeabi_errno_addr)
    __rt_errno_addr                          0x08004d29   Thumb Code     0  errno.o(i.__aeabi_errno_addr)
    __hardfp_atan                            0x08004d31   Thumb Code   622  atan.o(i.__hardfp_atan)
    __hardfp_atan2                           0x08005009   Thumb Code   448  atan2.o(i.__hardfp_atan2)
    __hardfp_atof                            0x08005209   Thumb Code    46  atof.o(i.__hardfp_atof)
    __hardfp_ceilf                           0x08005241   Thumb Code    98  ceilf.o(i.__hardfp_ceilf)
    __mathlib_ceilf                          0x08005241   Thumb Code     0  ceilf.o(i.__hardfp_ceilf)
    __hardfp_roundf                          0x080052ad   Thumb Code   154  roundf.o(i.__hardfp_roundf)
    __hardfp_sqrtf                           0x08005347   Thumb Code    58  sqrtf.o(i.__hardfp_sqrtf)
    __hardfp_strtof                          0x08005381   Thumb Code    26  strtof.o(i.__hardfp_strtof)
    __kernel_poly                            0x080053a1   Thumb Code   248  poly.o(i.__kernel_poly)
    __mathlib_dbl_infnan                     0x08005499   Thumb Code    20  dunder.o(i.__mathlib_dbl_infnan)
    __mathlib_dbl_infnan2                    0x080054ad   Thumb Code    20  dunder.o(i.__mathlib_dbl_infnan2)
    __mathlib_dbl_underflow                  0x080054c1   Thumb Code    24  dunder.o(i.__mathlib_dbl_underflow)
    __read_errno                             0x080054e1   Thumb Code     6  errno.o(i.__read_errno)
    __scatterload_copy                       0x080054ed   Thumb Code    14  handlers.o(i.__scatterload_copy)
    __scatterload_null                       0x080054fb   Thumb Code     2  handlers.o(i.__scatterload_null)
    __scatterload_zeroinit                   0x080054fd   Thumb Code    14  handlers.o(i.__scatterload_zeroinit)
    __set_errno                              0x0800550d   Thumb Code     6  errno.o(i.__set_errno)
    _is_digit                                0x0800569d   Thumb Code    14  scanf_fp.o(i._is_digit)
    atan                                     0x08005ddb   Thumb Code    16  atan.o(i.atan)
    fabs                                     0x08005deb   Thumb Code    24  fabs.o(i.fabs)
    puts                                     0x08005e05   Thumb Code    30  puts.o(i.puts)
    __mathlib_zero                           0x08005ec0   Data           8  qnan.o(.constdata)
    __ctype_table                            0x08005ec8   Data         129  ctype_o.o(.constdata)
    crc16_table                              0x08005f50   Data         512  bsp_bq7982x.o(.rodata.crc16_table)
    Region$$Table$$Base                      0x080061a4   Number         0  anon$$obj.o(Region$$Table)
    Region$$Table$$Limit                     0x080061c4   Number         0  anon$$obj.o(Region$$Table)
    __stdout                                 0x20000000   Data           4  stdout.o(.data)
    SystemCoreClock                          0x2000000c   Data           4  system_n32l40x.o(.data.SystemCoreClock)
    eis_scan_dft_lengths                     0x20000010   Data         100  main.o(.data.eis_scan_dft_lengths)
    eis_scan_dsrs                            0x20000074   Data          25  main.o(.data.eis_scan_dsrs)
    eis_scan_freqs                           0x20000090   Data         100  main.o(.data.eis_scan_freqs)
    eis_scan_hpf_hz                          0x200000f4   Data         100  main.o(.data.eis_scan_hpf_hz)
    gEisCellCount                            0x20000158   Data           1  main.o(.data.gEisCellCount)
    gEisRequestedCellCount                   0x20000159   Data           1  main.o(.data.gEisRequestedCellCount)
    gEisRequestedFreq                        0x2000015c   Data           4  main.o(.data.gEisRequestedFreq)
    is_scanning                              0x20000160   Data           1  main.o(.data.is_scanning)
    sin_fs                                   0x20000164   Data           4  main.o(.data.sin_fs)
    bBuf                                     0x200001d0   Data           8  bsp_bq7982x.o(.bss.bBuf)
    bRes                                     0x200001d8   Data           4  bsp_bq7982x.o(.bss.bRes)
    bReturn                                  0x200001dc   Data           1  bsp_bq7982x.o(.bss.bReturn)
    bin_size                                 0x200001e0   Data           4  bsp_bq7982x_app.o(.bss.bin_size)
    current_freq_test_count                  0x200001e4   Data           1  main.o(.bss.current_freq_test_count)
    current_scan_idx                         0x200001e5   Data           1  main.o(.bss.current_scan_idx)
    data                                     0x200001e6   Data           2  bsp_bq7982x_app.o(.bss.data)
    digital_sync_flag                        0x200001e8   Data           1  main.o(.bss.digital_sync_flag)
    eis_frequency_cal                        0x200001ec   Data           4  bsp_bq7982x_app.o(.bss.eis_frequency_cal)
    eis_run_flag                             0x200001f0   Data           1  main.o(.bss.eis_run_flag)
    freq_indxn                               0x200001f4   Data           4  bsp_bq7982x_app.o(.bss.freq_indxn)
    gAddrResponse                            0x200001f8   Data           1  main.o(.bss.gAddrResponse)
    gBQDev                                   0x200001fc   Data        1696  main.o(.bss.gBQDev)
    gBQRxBuffer                              0x2000089c   Data         148  main.o(.bss.gBQRxBuffer)
    gBQSta                                   0x20000930   Data          11  main.o(.bss.gBQSta)
    gEisConfigOverride                       0x2000093c   Data           1  main.o(.bss.gEisConfigOverride)
    gEisRequestedDftLength                   0x20000940   Data           4  main.o(.bss.gEisRequestedDftLength)
    gEisRequestedDsr                         0x20000944   Data           1  main.o(.bss.gEisRequestedDsr)
    gEisRequestedHpfHz                       0x20000948   Data           4  main.o(.bss.gEisRequestedHpfHz)
    gEisSysTickCnt                           0x2000094c   Data           4  main.o(.bss.gEisSysTickCnt)
    gSysTickCnt                              0x20000950   Data           4  main.o(.bss.gSysTickCnt)
    gTaskBqResetQuery                        0x20000954   Data           1  main.o(.bss.gTaskBqResetQuery)
    gTaskBqSleepQuery                        0x20000955   Data           1  main.o(.bss.gTaskBqSleepQuery)
    gTaskDigitalSync                         0x20000956   Data           1  main.o(.bss.gTaskDigitalSync)
    gTaskEisDFT                              0x20000957   Data           1  main.o(.bss.gTaskEisDFT)
    gTaskEisRead                             0x20000958   Data           1  main.o(.bss.gTaskEisRead)
    gTaskReportStatus                        0x20000959   Data           1  main.o(.bss.gTaskReportStatus)
    gTaskSetEisCellCount                     0x2000095a   Data           1  main.o(.bss.gTaskSetEisCellCount)
    gTaskSetEisFreq                          0x2000095b   Data           1  main.o(.bss.gTaskSetEisFreq)
    gTaskStartEisQuery                       0x2000095c   Data           1  main.o(.bss.gTaskStartEisQuery)
    gTaskStartSingleEisQuery                 0x2000095d   Data           1  main.o(.bss.gTaskStartSingleEisQuery)
    gTaskStopEisQuery                        0x2000095e   Data           1  main.o(.bss.gTaskStopEisQuery)
    gTaskWakeStackQuery                      0x2000095f   Data           1  main.o(.bss.gTaskWakeStackQuery)
    pFrame                                   0x20000960   Data          64  bsp_bq7982x.o(.bss.pFrame)
    result_decode_M                          0x200009a0   Data          52  main.o(.bss.result_decode_M)
    result_decode_MI                         0x200009d4   Data          52  main.o(.bss.result_decode_MI)
    result_decode_MV                         0x20000a08   Data          52  main.o(.bss.result_decode_MV)
    result_decode_P                          0x20000a3c   Data          52  main.o(.bss.result_decode_P)
    scan_result_I                            0x20000a74   Data        1300  main.o(.bss.scan_result_I)
    scan_result_M                            0x20000f88   Data        1300  main.o(.bss.scan_result_M)
    scan_result_P                            0x2000149c   Data        1300  main.o(.bss.scan_result_P)
    scan_result_R                            0x200019b0   Data        1300  main.o(.bss.scan_result_R)
    update_frq                               0x20001ec4   Data           1  main.o(.bss.update_frq)
    wCRC                                     0x20001ec6   Data           2  bsp_bq7982x.o(.bss.wCRC)
    __initial_sp                             0x200026c8   Data           0  startup_n32l40x.o(STACK)



==============================================================================

Memory Map of the image

  Image Entry point : 0x08000149

  Load Region LR_IROM1 (Base: 0x08000000, Size: 0x00006330, Max: 0x0001b800, ABSOLUTE, COMPRESSED[0x00006260])

    Execution Region ER_IROM1 (Exec base: 0x08000000, Load base: 0x08000000, Size: 0x000061c4, Max: 0x0001b800, ABSOLUTE)

    Exec Addr    Load Addr    Size         Type   Attr      Idx    E Section Name        Object

    0x08000000   0x08000000   0x00000148   Data   RO            3    RESET               startup_n32l40x.o
    0x08000148   0x08000148   0x00000000   Code   RO         1960  * .ARM.Collect$$$$00000000  mc_w.l(entry.o)
    0x08000148   0x08000148   0x00000004   Code   RO         2280    .ARM.Collect$$$$00000001  mc_w.l(entry2.o)
    0x0800014c   0x0800014c   0x00000004   Code   RO         2283    .ARM.Collect$$$$00000004  mc_w.l(entry5.o)
    0x08000150   0x08000150   0x00000000   Code   RO         2285    .ARM.Collect$$$$00000008  mc_w.l(entry7b.o)
    0x08000150   0x08000150   0x00000000   Code   RO         2287    .ARM.Collect$$$$0000000A  mc_w.l(entry8b.o)
    0x08000150   0x08000150   0x00000008   Code   RO         2288    .ARM.Collect$$$$0000000B  mc_w.l(entry9a.o)
    0x08000158   0x08000158   0x00000000   Code   RO         2290    .ARM.Collect$$$$0000000D  mc_w.l(entry10a.o)
    0x08000158   0x08000158   0x00000000   Code   RO         2292    .ARM.Collect$$$$0000000F  mc_w.l(entry11a.o)
    0x08000158   0x08000158   0x00000004   Code   RO         2281    .ARM.Collect$$$$00002712  mc_w.l(entry2.o)
    0x0800015c   0x0800015c   0x00000024   Code   RO            4    .text               startup_n32l40x.o
    0x08000180   0x08000180   0x00000024   Code   RO         1969    .text               mc_w.l(memseta.o)
    0x080001a4   0x080001a4   0x0000001a   Code   RO         1971    .text               mc_w.l(memcmp.o)
    0x080001be   0x080001be   0x00000072   Code   RO         2236    .text               mc_w.l(strtoul.o)
    0x08000230   0x08000230   0x0000014e   Code   RO         2238    .text               mf_w.l(dadd.o)
    0x0800037e   0x0800037e   0x000000e4   Code   RO         2240    .text               mf_w.l(dmul.o)
    0x08000462   0x08000462   0x000000de   Code   RO         2242    .text               mf_w.l(ddiv.o)
    0x08000540   0x08000540   0x0000001a   Code   RO         2246    .text               mf_w.l(dfltui.o)
    0x0800055a   0x0800055a   0x00000026   Code   RO         2248    .text               mf_w.l(f2d.o)
    0x08000580   0x08000580   0x00000038   Code   RO         2250    .text               mf_w.l(d2f.o)
    0x080005b8   0x080005b8   0x0000002c   Code   RO         2304    .text               mc_w.l(uidiv.o)
    0x080005e4   0x080005e4   0x00000062   Code   RO         2306    .text               mc_w.l(uldiv.o)
    0x08000646   0x08000646   0x0000001e   Code   RO         2308    .text               mc_w.l(llshl.o)
    0x08000664   0x08000664   0x00000024   Code   RO         2310    .text               mc_w.l(llsshr.o)
    0x08000688   0x08000688   0x00000008   Code   RO         2312    .text               mc_w.l(ctype_o.o)
    0x08000690   0x08000690   0x00000012   Code   RO         2334    .text               mc_w.l(isspace_o.o)
    0x080006a2   0x080006a2   0x0000009e   Code   RO         2347    .text               mc_w.l(_strtoul.o)
    0x08000740   0x08000740   0x000000a8   Code   RO         2349    .text               mc_w.l(strtod.o)
    0x080007e8   0x080007e8   0x00000008   Code   RO         2351    .text               mc_w.l(strtof.o)
    0x080007f0   0x080007f0   0x00000000   Code   RO         2353    .text               mc_w.l(iusefp.o)
    0x080007f0   0x080007f0   0x0000006e   Code   RO         2354    .text               mf_w.l(fepilogue.o)
    0x0800085e   0x0800085e   0x0000003c   Code   RO         2356    .text               mf_w.l(frnd.o)
    0x0800089a   0x0800089a   0x000000ba   Code   RO         2358    .text               mf_w.l(depilogue.o)
    0x08000954   0x08000954   0x00000030   Code   RO         2362    .text               mf_w.l(dfixul.o)
    0x08000984   0x08000984   0x00000030   Code   RO         2364    .text               mf_w.l(cdcmple.o)
    0x080009b4   0x080009b4   0x00000030   Code   RO         2366    .text               mf_w.l(cdrcmple.o)
    0x080009e4   0x080009e4   0x00000024   Code   RO         2372    .text               mc_w.l(init.o)
    0x08000a08   0x08000a08   0x00000020   Code   RO         2374    .text               mc_w.l(llushr.o)
    0x08000a28   0x08000a28   0x0000001c   Code   RO         2378    .text               mc_w.l(_chval.o)
    0x08000a44   0x08000a44   0x00000360   Code   RO         2380    .text               mc_w.l(scanf_fp.o)
    0x08000da4   0x08000da4   0x00000040   Code   RO         2384    .text               mc_w.l(_sgetc.o)
    0x08000de4   0x08000de4   0x00000018   Code   RO         2389    .text               mf_w.l(dfltul.o)
    0x08000dfc   0x08000dfc   0x00000056   Code   RO         2399    .text               mc_w.l(__dczerorl2.o)
    0x08000e52   0x08000e52   0x00000002   PAD
    0x08000e54   0x08000e54   0x00000008   Code   RO         1848    .text.AFE_Check_AllStable  bsp_bq7982x_app.o
    0x08000e5c   0x08000e5c   0x00000198   Code   RO           56    .text.ApplyEisTableConfig  main.o
    0x08000ff4   0x08000ff4   0x00000080   Code   RO         1788    .text.AutoAddress   bsp_bq7982x_app.o
    0x08001074   0x08001074   0x00000068   Code   RO         1776    .text.BQ7982X_ApplyActiveCellCount  bsp_bq7982x_app.o
    0x080010dc   0x080010dc   0x000000bc   Code   RO         1852    .text.BQ7982X_ConfigDigitalSync  bsp_bq7982x_app.o
    0x08001198   0x08001198   0x00000080   Code   RO         1774    .text.BQ7982X_DetectSiliconRevision  bsp_bq7982x_app.o
    0x08001218   0x08001218   0x0000000c   Code   RO         1766    .text.BQ7982X_GetActiveCellCount  bsp_bq7982x_app.o
    0x08001224   0x08001224   0x0000000c   Code   RO         1768    .text.BQ7982X_GetPartId  bsp_bq7982x_app.o
    0x08001230   0x08001230   0x0000000c   Code   RO         1770    .text.BQ7982X_GetTapeoutRevision  bsp_bq7982x_app.o
    0x0800123c   0x0800123c   0x00000048   Code   RO         1806    .text.BQ7982X_GotoSleep  bsp_bq7982x_app.o
    0x08001284   0x08001284   0x0000000c   Code   RO         1772    .text.BQ7982X_IsC0Revision  bsp_bq7982x_app.o
    0x08001290   0x08001290   0x00000010   Code   RO         1762    .text.BQ7982X_NormalizeCellCount  bsp_bq7982x_app.o
    0x080012a0   0x080012a0   0x00000062   Code   RO         1778    .text.BQ7982X_ReadActiveCellCount  bsp_bq7982x_app.o
    0x08001302   0x08001302   0x00000002   PAD
    0x08001304   0x08001304   0x00000012   Code   RO         1764    .text.BQ7982X_SetActiveCellCount  bsp_bq7982x_app.o
    0x08001316   0x08001316   0x00000002   PAD
    0x08001318   0x08001318   0x00000058   Code   RO         1802    .text.BQ7982X_SetGpio20High  bsp_bq7982x_app.o
    0x08001370   0x08001370   0x00000048   Code   RO         1804    .text.BQ7982X_SoftReset  bsp_bq7982x_app.o
    0x080013b8   0x080013b8   0x0000004a   Code   RO         1780    .text.BQ7982X_VerifyActiveCellCount  bsp_bq7982x_app.o
    0x08001402   0x08001402   0x00000002   PAD
    0x08001404   0x08001404   0x0000002c   Code   RO         1846    .text.BQ7982x_Manual_Sync_Proc  bsp_bq7982x_app.o
    0x08001430   0x08001430   0x00000028   Code   RO         1782    .text.BQParamInit   bsp_bq7982x_app.o
    0x08001458   0x08001458   0x00000030   Code   RO         1746    .text.CRC16         bsp_bq7982x.o
    0x08001488   0x08001488   0x00000010   Code   RO           58    .text.ClampEisCellCount  main.o
    0x08001498   0x08001498   0x00000072   Code   RO           17    .text.ConfigMRVoltage1V  system_n32l40x.o
    0x0800150a   0x0800150a   0x00000002   PAD
    0x0800150c   0x0800150c   0x0000001c   Code   RO          123    .text.DEVICE_DELAY_MS  projectconfig.o
    0x08001528   0x08001528   0x00000058   Code   RO          121    .text.DEVICE_DELAY_US  projectconfig.o
    0x08001580   0x08001580   0x000000b2   Code   RO         1844    .text.DigitalSyncEvery10ms  bsp_bq7982x_app.o
    0x08001632   0x08001632   0x00000002   PAD
    0x08001634   0x08001634   0x00000052   Code   RO         1842    .text.Digital_Sync_counter  bsp_bq7982x_app.o
    0x08001686   0x08001686   0x00000002   PAD
    0x08001688   0x08001688   0x00000052   Code   RO         1818    .text.DisableTimeout  bsp_bq7982x_app.o
    0x080016da   0x080016da   0x00000002   PAD
    0x080016dc   0x080016dc   0x00000038   Code   RO         1830    .text.EISCompleteCheck  bsp_bq7982x_app.o
    0x08001714   0x08001714   0x000003b0   Code   RO         1832    .text.EIS_Config    bsp_bq7982x_app.o
    0x08001ac4   0x08001ac4   0x000000c6   Code   RO         1834    .text.EIS_PWM       bsp_bq7982x_app.o
    0x08001b8a   0x08001b8a   0x00000002   PAD
    0x08001b8c   0x08001b8c   0x000001f4   Code   RO         1854    .text.EIS_Para_Calculation  bsp_bq7982x_app.o
    0x08001d80   0x08001d80   0x00000104   Code   RO         1838    .text.EIS_SMART_FREEZE  bsp_bq7982x_app.o
    0x08001e84   0x08001e84   0x0000008e   Code   RO         1836    .text.EIS_Stop      bsp_bq7982x_app.o
    0x08001f12   0x08001f12   0x00000006   PAD
    0x08001f18   0x08001f18   0x0000025c   Code   RO         1828    .text.EIS_Z_Cal     bsp_bq7982x_app.o
    0x08002174   0x08002174   0x0000000c   Code   RO           50    .text.EisResultCount  main.o
    0x08002180   0x08002180   0x00000024   Code   RO           34    .text.EisScanGpioInit  main.o
    0x080021a4   0x080021a4   0x0000001c   Code   RO           36    .text.EisScanGpioSet  main.o
    0x080021c0   0x080021c0   0x00000022   Code   RO           52    .text.EisStorageIndex  main.o
    0x080021e2   0x080021e2   0x00000002   PAD
    0x080021e4   0x080021e4   0x00000144   Code   RO           54    .text.EmitEisPoint  main.o
    0x08002328   0x08002328   0x000001a4   Code   RO          577    .text.GPIO_InitPeripheral  n32l40x_gpio.o
    0x080024cc   0x080024cc   0x00000012   Code   RO          579    .text.GPIO_InitStruct  n32l40x_gpio.o
    0x080024de   0x080024de   0x00000002   PAD
    0x080024e0   0x080024e0   0x000000e6   Code   RO           38    .text.InitBmicStack  main.o
    0x080025c6   0x080025c6   0x00000002   PAD
    0x080025c8   0x080025c8   0x0000005c   Code   RO         1653    .text.MSP_GPIO_Init  msp_gpio.o
    0x08002624   0x08002624   0x0000000c   Code   RO         1655    .text.MSP_GPIO_Write  msp_gpio.o
    0x08002630   0x08002630   0x000000c4   Code   RO         1700    .text.MSP_SPI_Init  msp_spi.o
    0x080026f4   0x080026f4   0x0000005e   Code   RO          139    .text.NVIC_Init     misc.o
    0x08002752   0x08002752   0x00000002   PAD
    0x08002754   0x08002754   0x000003c8   Code   RO         1850    .text.NVM_Register_Configuration  bsp_bq7982x_app.o
    0x08002b1c   0x08002b1c   0x0000007c   Code   RO         1840    .text.PLL_Sync      bsp_bq7982x_app.o
    0x08002b98   0x08002b98   0x00000080   Code   RO         1856    .text.PWM_CRYSTAL   bsp_bq7982x_app.o
    0x08002c18   0x08002c18   0x00000018   Code   RO         1083    .text.RCC_EnableAPB1PeriphClk  n32l40x_rcc.o
    0x08002c30   0x08002c30   0x00000018   Code   RO         1117    .text.RCC_EnableAPB2PeriphClk  n32l40x_rcc.o
    0x08002c48   0x08002c48   0x00000124   Code   RO         1113    .text.RCC_GetClocksFreqValue  n32l40x_rcc.o
    0x08002d6c   0x08002d6c   0x00000036   Code   RO         1744    .text.ReadFrameReq  bsp_bq7982x.o
    0x08002da2   0x08002da2   0x00000002   PAD
    0x08002da4   0x08002da4   0x00000060   Code   RO         1742    .text.ReadReg       bsp_bq7982x.o
    0x08002e04   0x08002e04   0x00000004   PAD
    0x08002e08   0x08002e08   0x00000238   Code   RO         1826    .text.Read_EIS_CC   bsp_bq7982x_app.o
    0x08003040   0x08003040   0x00000414   Code   RO         1822    .text.Read_EIS_CV   bsp_bq7982x_app.o
    0x08003454   0x08003454   0x0000009a   Code   RO         1740    .text.Receive_TO    bsp_bq7982x.o
    0x080034ee   0x080034ee   0x00000002   PAD
    0x080034f0   0x080034f0   0x000000c0   Code   RO           40    .text.ReportEisStatus  main.o
    0x080035b0   0x080035b0   0x00000014   Code   RO         1278    .text.SPI_Enable    n32l40x_spi.o
    0x080035c4   0x080035c4   0x0000000a   Code   RO         1306    .text.SPI_I2S_GetStatus  n32l40x_spi.o
    0x080035ce   0x080035ce   0x00000002   PAD
    0x080035d0   0x080035d0   0x00000004   Code   RO         1288    .text.SPI_I2S_ReceiveData  n32l40x_spi.o
    0x080035d4   0x080035d4   0x00000004   Code   RO         1286    .text.SPI_I2S_TransmitData  n32l40x_spi.o
    0x080035d8   0x080035d8   0x00000046   Code   RO         1270    .text.SPI_Init      n32l40x_spi.o
    0x0800361e   0x0800361e   0x00000002   PAD
    0x08003620   0x08003620   0x00000028   Code   RO         1704    .text.SPI_readDataBlockingFIFO  msp_spi.o
    0x08003648   0x08003648   0x00000028   Code   RO         1702    .text.SPI_writeDataBlockingFIFO  msp_spi.o
    0x08003670   0x08003670   0x000000cc   Code   RO           13    .text.SetSysClock   system_n32l40x.o
    0x0800373c   0x0800373c   0x00000044   Code   RO         1732    .text.SleepWake798XX  bsp_bq7982x.o
    0x08003780   0x08003780   0x00000096   Code   RO         1786    .text.SleepWakeStackDevice  bsp_bq7982x_app.o
    0x08003816   0x08003816   0x00000002   PAD
    0x08003818   0x08003818   0x0000002e   Code   RO           48    .text.SysTask_DigitalSync  main.o
    0x08003846   0x08003846   0x00000002   PAD
    0x08003848   0x08003848   0x00000280   Code   RO           46    .text.SysTask_ReadEis  main.o
    0x08003ac8   0x08003ac8   0x0000011c   Code   RO           42    .text.SysTask_SetEisDFE  main.o
    0x08003be4   0x08003be4   0x00000028   Code   RO           44    .text.SysTask_StartEisDFT  main.o
    0x08003c0c   0x08003c0c   0x00000024   Code   RO         1671    .text.SysTick_Config  msp_it.o
    0x08003c30   0x08003c30   0x000000e4   Code   RO         1667    .text.SysTick_Handler  msp_it.o
    0x08003d14   0x08003d14   0x000000ca   Code   RO           11    .text.SystemInit    system_n32l40x.o
    0x08003dde   0x08003dde   0x00000002   PAD
    0x08003de0   0x08003de0   0x00000414   Code   RO         1673    .text.USART2_IRQHandler  msp_it.o
    0x080041f4   0x080041f4   0x0000000e   Code   RO         1618    .text.USART_ClrIntPendingBit  n32l40x_usart.o
    0x08004202   0x08004202   0x00000002   PAD
    0x08004204   0x08004204   0x0000002e   Code   RO         1578    .text.USART_ConfigInt  n32l40x_usart.o
    0x08004232   0x08004232   0x00000002   PAD
    0x08004234   0x08004234   0x00000014   Code   RO         1576    .text.USART_Enable  n32l40x_usart.o
    0x08004248   0x08004248   0x0000000a   Code   RO         1612    .text.USART_GetFlagStatus  n32l40x_usart.o
    0x08004252   0x08004252   0x00000002   PAD
    0x08004254   0x08004254   0x00000030   Code   RO         1616    .text.USART_GetIntStatus  n32l40x_usart.o
    0x08004284   0x08004284   0x000000a8   Code   RO         1568    .text.USART_Init    n32l40x_usart.o
    0x0800432c   0x0800432c   0x00000008   Code   RO         1594    .text.USART_ReceiveData  n32l40x_usart.o
    0x08004334   0x08004334   0x00000008   Code   RO         1592    .text.USART_SendData  n32l40x_usart.o
    0x0800433c   0x0800433c   0x00000012   Code   RO         1570    .text.USART_StructInit  n32l40x_usart.o
    0x0800434e   0x0800434e   0x00000002   PAD
    0x08004350   0x08004350   0x00000044   Code   RO         1730    .text.Wake798XX     bsp_bq7982x.o
    0x08004394   0x08004394   0x00000068   Code   RO         1728    .text.Wake798XX_PingInit  bsp_bq7982x.o
    0x080043fc   0x080043fc   0x00000060   Code   RO         1784    .text.WakeStackDevice  bsp_bq7982x_app.o
    0x0800445c   0x0800445c   0x0000010c   Code   RO         1738    .text.WriteFrame    bsp_bq7982x.o
    0x08004568   0x08004568   0x000000c4   Code   RO         1736    .text.WriteReg      bsp_bq7982x.o
    0x0800462c   0x0800462c   0x0000000e   Code   RO         1675    .text.__NVIC_SetPriority  msp_it.o
    0x0800463a   0x0800463a   0x00000002   PAD
    0x0800463c   0x0800463c   0x00000032   Code   RO         1718    .text.fputc         msp_uart.o
    0x0800466e   0x0800466e   0x00000002   PAD
    0x08004670   0x08004670   0x000000a8   Code   RO         1714    .text.log_uart_init  msp_uart.o
    0x08004718   0x08004718   0x00000028   Code   RO         1716    .text.log_uart_wait_tx_complete  msp_uart.o
    0x08004740   0x08004740   0x00000578   Code   RO           32    .text.main          main.o
    0x08004cb8   0x08004cb8   0x00000020   Code   RO         1669    .text.systick_init  msp_it.o
    0x08004cd8   0x08004cd8   0x00000020   Code   RO         2208    i.__0printf         mc_w.l(printfa.o)
    0x08004cf8   0x08004cf8   0x00000030   Code   RO         2368    i.__ARM_fpclassify  m_wm.l(fpclassify.o)
    0x08004d28   0x08004d28   0x00000008   Code   RO         2340    i.__aeabi_errno_addr  mc_w.l(errno.o)
    0x08004d30   0x08004d30   0x000002d8   Code   RO         2252    i.__hardfp_atan     m_wm.l(atan.o)
    0x08005008   0x08005008   0x00000200   Code   RO         1926    i.__hardfp_atan2    m_wm.l(atan2.o)
    0x08005208   0x08005208   0x00000038   Code   RO         1932    i.__hardfp_atof     m_wm.l(atof.o)
    0x08005240   0x08005240   0x0000006c   Code   RO         1938    i.__hardfp_ceilf    m_wm.l(ceilf.o)
    0x080052ac   0x080052ac   0x0000009a   Code   RO         1956    i.__hardfp_roundf   m_wm.l(roundf.o)
    0x08005346   0x08005346   0x0000003a   Code   RO         1944    i.__hardfp_sqrtf    m_wm.l(sqrtf.o)
    0x08005380   0x08005380   0x00000020   Code   RO         1950    i.__hardfp_strtof   m_wm.l(strtof.o)
    0x080053a0   0x080053a0   0x000000f8   Code   RO         2370    i.__kernel_poly     m_wm.l(poly.o)
    0x08005498   0x08005498   0x00000014   Code   RO         2260    i.__mathlib_dbl_infnan  m_wm.l(dunder.o)
    0x080054ac   0x080054ac   0x00000014   Code   RO         2261    i.__mathlib_dbl_infnan2  m_wm.l(dunder.o)
    0x080054c0   0x080054c0   0x00000020   Code   RO         2265    i.__mathlib_dbl_underflow  m_wm.l(dunder.o)
    0x080054e0   0x080054e0   0x0000000c   Code   RO         2341    i.__read_errno      mc_w.l(errno.o)
    0x080054ec   0x080054ec   0x0000000e   Code   RO         2393    i.__scatterload_copy  mc_w.l(handlers.o)
    0x080054fa   0x080054fa   0x00000002   Code   RO         2394    i.__scatterload_null  mc_w.l(handlers.o)
    0x080054fc   0x080054fc   0x0000000e   Code   RO         2395    i.__scatterload_zeroinit  mc_w.l(handlers.o)
    0x0800550a   0x0800550a   0x00000002   PAD
    0x0800550c   0x0800550c   0x0000000c   Code   RO         2342    i.__set_errno       mc_w.l(errno.o)
    0x08005518   0x08005518   0x00000184   Code   RO         2215    i._fp_digits        mc_w.l(printfa.o)
    0x0800569c   0x0800569c   0x0000000e   Code   RO         2382    i._is_digit         mc_w.l(scanf_fp.o)
    0x080056aa   0x080056aa   0x00000002   PAD
    0x080056ac   0x080056ac   0x000006dc   Code   RO         2216    i._printf_core      mc_w.l(printfa.o)
    0x08005d88   0x08005d88   0x00000024   Code   RO         2217    i._printf_post_padding  mc_w.l(printfa.o)
    0x08005dac   0x08005dac   0x0000002e   Code   RO         2218    i._printf_pre_padding  mc_w.l(printfa.o)
    0x08005dda   0x08005dda   0x00000010   Code   RO         2254    i.atan              m_wm.l(atan.o)
    0x08005dea   0x08005dea   0x00000018   Code   RO         2275    i.fabs              m_wm.l(fabs.o)
    0x08005e02   0x08005e02   0x00000002   PAD
    0x08005e04   0x08005e04   0x00000024   Code   RO         1963    i.puts              mc_w.l(puts.o)
    0x08005e28   0x08005e28   0x00000098   Data   RO         2255    .constdata          m_wm.l(atan.o)
    0x08005ec0   0x08005ec0   0x00000008   Data   RO         2279    .constdata          m_wm.l(qnan.o)
    0x08005ec8   0x08005ec8   0x00000081   Data   RO         2313    .constdata          mc_w.l(ctype_o.o)
    0x08005f49   0x08005f49   0x00000003   PAD
    0x08005f4c   0x08005f4c   0x00000004   Data   RO         2314    .constdata          mc_w.l(ctype_o.o)
    0x08005f50   0x08005f50   0x00000200   Data   RO         1753    .rodata.crc16_table  bsp_bq7982x.o
    0x08006150   0x08006150   0x00000010   Data   RO         1143    .rodata.cst16       n32l40x_rcc.o
    0x08006160   0x08006160   0x00000043   Data   RO          102    .rodata.str1.1      main.o
    0x080061a3   0x080061a3   0x00000001   PAD
    0x080061a4   0x080061a4   0x00000020   Data   RO         2392    Region$$Table       anon$$obj.o


    Execution Region RW_IRAM1 (Exec base: 0x20000000, Load base: 0x080061c8, Size: 0x000026c8, Max: 0x00006000, ABSOLUTE, COMPRESSED[0x00000098])

    Exec Addr    Load Addr    Size         Type   Attr      Idx    E Section Name        Object

    0x20000000   COMPRESSED   0x00000004   Data   RW         2294    .data               mc_w.l(stdout.o)
    0x20000004   COMPRESSED   0x00000004   Data   RW         2343    .data               mc_w.l(errno.o)
    0x20000008   COMPRESSED   0x00000001   Data   RW          111    .data.SysTask_SetEisDFE.eis_f_count  main.o
    0x20000009   COMPRESSED   0x00000003   PAD
    0x2000000c   COMPRESSED   0x00000004   Data   RW           21    .data.SystemCoreClock  system_n32l40x.o
    0x20000010   COMPRESSED   0x00000064   Data   RW           95    .data.eis_scan_dft_lengths  main.o
    0x20000074   COMPRESSED   0x00000019   Data   RW           97    .data.eis_scan_dsrs  main.o
    0x2000008d   COMPRESSED   0x00000003   PAD
    0x20000090   COMPRESSED   0x00000064   Data   RW           94    .data.eis_scan_freqs  main.o
    0x200000f4   COMPRESSED   0x00000064   Data   RW           96    .data.eis_scan_hpf_hz  main.o
    0x20000158   COMPRESSED   0x00000001   Data   RW           85    .data.gEisCellCount  main.o
    0x20000159   COMPRESSED   0x00000001   Data   RW           84    .data.gEisRequestedCellCount  main.o
    0x2000015a   COMPRESSED   0x00000002   PAD
    0x2000015c   COMPRESSED   0x00000004   Data   RW           79    .data.gEisRequestedFreq  main.o
    0x20000160   COMPRESSED   0x00000001   Data   RW           98    .data.is_scanning   main.o
    0x20000161   COMPRESSED   0x00000001   Data   RW         1862    .data.s_bq7982x_active_cell_count  bsp_bq7982x_app.o
    0x20000162   COMPRESSED   0x00000002   PAD
    0x20000164   COMPRESSED   0x00000004   Data   RW           63    .data.sin_fs        main.o
    0x20000168        -       0x00000004   Zero   RW         1872    .bss.BQ7982x_Manual_Sync_Proc.dig_sync_counter  bsp_bq7982x_app.o
    0x2000016c        -       0x00000060   Zero   RW         1677    .bss.USART2_IRQHandler.rx_buf  msp_it.o
    0x200001cc        -       0x00000001   Zero   RW         1678    .bss.USART2_IRQHandler.rx_idx  msp_it.o
    0x200001cd   COMPRESSED   0x00000003   PAD
    0x200001d0        -       0x00000008   Zero   RW         1751    .bss.bBuf           bsp_bq7982x.o
    0x200001d8        -       0x00000004   Zero   RW         1749    .bss.bRes           bsp_bq7982x.o
    0x200001dc        -       0x00000001   Zero   RW         1748    .bss.bReturn        bsp_bq7982x.o
    0x200001dd   COMPRESSED   0x00000003   PAD
    0x200001e0        -       0x00000004   Zero   RW         1875    .bss.bin_size       bsp_bq7982x_app.o
    0x200001e4        -       0x00000001   Zero   RW          100    .bss.current_freq_test_count  main.o
    0x200001e5        -       0x00000001   Zero   RW           99    .bss.current_scan_idx  main.o
    0x200001e6        -       0x00000002   Zero   RW         1873    .bss.data           bsp_bq7982x_app.o
    0x200001e8        -       0x00000001   Zero   RW           87    .bss.digital_sync_flag  main.o
    0x200001e9   COMPRESSED   0x00000003   PAD
    0x200001ec        -       0x00000004   Zero   RW         1877    .bss.eis_frequency_cal  bsp_bq7982x_app.o
    0x200001f0        -       0x00000001   Zero   RW           86    .bss.eis_run_flag   main.o
    0x200001f1   COMPRESSED   0x00000003   PAD
    0x200001f4        -       0x00000004   Zero   RW         1876    .bss.freq_indxn     bsp_bq7982x_app.o
    0x200001f8        -       0x00000001   Zero   RW           92    .bss.gAddrResponse  main.o
    0x200001f9   COMPRESSED   0x00000003   PAD
    0x200001fc        -       0x000006a0   Zero   RW           90    .bss.gBQDev         main.o
    0x2000089c        -       0x00000094   Zero   RW           93    .bss.gBQRxBuffer    main.o
    0x20000930        -       0x0000000b   Zero   RW           91    .bss.gBQSta         main.o
    0x2000093b        -       0x00000001   Zero   RW          101    .bss.gBqStackReady  main.o
    0x2000093c        -       0x00000001   Zero   RW           80    .bss.gEisConfigOverride  main.o
    0x2000093d   COMPRESSED   0x00000003   PAD
    0x20000940        -       0x00000004   Zero   RW           81    .bss.gEisRequestedDftLength  main.o
    0x20000944        -       0x00000001   Zero   RW           83    .bss.gEisRequestedDsr  main.o
    0x20000945   COMPRESSED   0x00000003   PAD
    0x20000948        -       0x00000004   Zero   RW           82    .bss.gEisRequestedHpfHz  main.o
    0x2000094c        -       0x00000004   Zero   RW           65    .bss.gEisSysTickCnt  main.o
    0x20000950        -       0x00000004   Zero   RW           64    .bss.gSysTickCnt    main.o
    0x20000954        -       0x00000001   Zero   RW           75    .bss.gTaskBqResetQuery  main.o
    0x20000955        -       0x00000001   Zero   RW           76    .bss.gTaskBqSleepQuery  main.o
    0x20000956        -       0x00000001   Zero   RW           66    .bss.gTaskDigitalSync  main.o
    0x20000957        -       0x00000001   Zero   RW           68    .bss.gTaskEisDFT    main.o
    0x20000958        -       0x00000001   Zero   RW           69    .bss.gTaskEisRead   main.o
    0x20000959        -       0x00000001   Zero   RW           78    .bss.gTaskReportStatus  main.o
    0x2000095a        -       0x00000001   Zero   RW           77    .bss.gTaskSetEisCellCount  main.o
    0x2000095b        -       0x00000001   Zero   RW           73    .bss.gTaskSetEisFreq  main.o
    0x2000095c        -       0x00000001   Zero   RW           70    .bss.gTaskStartEisQuery  main.o
    0x2000095d        -       0x00000001   Zero   RW           71    .bss.gTaskStartSingleEisQuery  main.o
    0x2000095e        -       0x00000001   Zero   RW           72    .bss.gTaskStopEisQuery  main.o
    0x2000095f        -       0x00000001   Zero   RW           74    .bss.gTaskWakeStackQuery  main.o
    0x20000960        -       0x00000040   Zero   RW         1752    .bss.pFrame         bsp_bq7982x.o
    0x200009a0        -       0x00000034   Zero   RW          104    .bss.result_decode_M  main.o
    0x200009d4        -       0x00000034   Zero   RW          106    .bss.result_decode_MI  main.o
    0x20000a08        -       0x00000034   Zero   RW          105    .bss.result_decode_MV  main.o
    0x20000a3c        -       0x00000034   Zero   RW          103    .bss.result_decode_P  main.o
    0x20000a70        -       0x00000001   Zero   RW         1865    .bss.s_bq7982x_is_c0_revision  bsp_bq7982x_app.o
    0x20000a71        -       0x00000001   Zero   RW         1863    .bss.s_bq7982x_part_id  bsp_bq7982x_app.o
    0x20000a72        -       0x00000001   Zero   RW         1864    .bss.s_bq7982x_tapeout_revision  bsp_bq7982x_app.o
    0x20000a73   COMPRESSED   0x00000001   PAD
    0x20000a74        -       0x00000514   Zero   RW          110    .bss.scan_result_I  main.o
    0x20000f88        -       0x00000514   Zero   RW          108    .bss.scan_result_M  main.o
    0x2000149c        -       0x00000514   Zero   RW          107    .bss.scan_result_P  main.o
    0x200019b0        -       0x00000514   Zero   RW          109    .bss.scan_result_R  main.o
    0x20001ec4        -       0x00000001   Zero   RW           88    .bss.update_frq     main.o
    0x20001ec5   COMPRESSED   0x00000001   PAD
    0x20001ec6        -       0x00000002   Zero   RW         1750    .bss.wCRC           bsp_bq7982x.o
    0x20001ec8        -       0x00000800   Zero   RW            1    STACK               startup_n32l40x.o


==============================================================================

Image component sizes


      Code (inc. data)   RO Data    RW Data    ZI Data      Debug   Object Name

      1056          8        512          0         79       6198   bsp_bq7982x.o
      7250        100          0          1         21      51366   bsp_bq7982x_app.o
      3690        292         67        337       7300      33852   main.o
        94          0          0          0          0       3229   misc.o
       104         16          0          0          0       2453   msp_gpio.o
      1354        188          0          0         97       5753   msp_it.o
       276          0          0          0          0       3413   msp_spi.o
       258          0          0          0          0       5124   msp_uart.o
       438          0          0          0          0       8068   n32l40x_gpio.o
       340         80         16          0          0      15148   n32l40x_rcc.o
       108          0          0          0          0       6979   n32l40x_spi.o
       340          0          0          0          0       7786   n32l40x_usart.o
       116          0          0          0          0       2122   projectconfig.o
        36          8        328          0       2048        840   startup_n32l40x.o
       520          0          0          4          0       4081   system_n32l40x.o

    ----------------------------------------------------------------------
     16040        692        956        352       9568     156412   Object Totals
         0          0         32          0          0          0   (incl. Generated)
        60          0          1         10         23          0   (incl. Padding)

    ----------------------------------------------------------------------

      Code (inc. data)   RO Data    RW Data    ZI Data      Debug   Library Member Name

       744        106        152          0          0        352   atan.o
       512         64          0          0          0        208   atan2.o
        56         10          0          0          0        132   atof.o
       108         10          0          0          0        116   ceilf.o
        72          8          0          0          0        372   dunder.o
        24          0          0          0          0        124   fabs.o
        48          0          0          0          0        124   fpclassify.o
       248          0          0          0          0        152   poly.o
         0          0          8          0          0          0   qnan.o
       154          0          0          0          0        140   roundf.o
        58          0          0          0          0        136   sqrtf.o
        32          6          0          0          0        124   strtof.o
        86          0          0          0          0          0   __dczerorl2.o
        28          0          0          0          0         68   _chval.o
        64          0          0          0          0         84   _sgetc.o
       158          0          0          0          0         92   _strtoul.o
         8          4        133          0          0         68   ctype_o.o
         0          0          0          0          0          0   entry.o
         0          0          0          0          0          0   entry10a.o
         0          0          0          0          0          0   entry11a.o
         8          4          0          0          0          0   entry2.o
         4          0          0          0          0          0   entry5.o
         0          0          0          0          0          0   entry7b.o
         0          0          0          0          0          0   entry8b.o
         8          4          0          0          0          0   entry9a.o
        32         16          0          4          0        204   errno.o
        30          0          0          0          0          0   handlers.o
        36          8          0          0          0         68   init.o
        18          0          0          0          0         76   isspace_o.o
         0          0          0          0          0          0   iusefp.o
        30          0          0          0          0         68   llshl.o
        36          0          0          0          0         68   llsshr.o
        32          0          0          0          0         68   llushr.o
        26          0          0          0          0         80   memcmp.o
        36          0          0          0          0        108   memseta.o
      2258         90          0          0          0        452   printfa.o
        36          6          0          0          0         80   puts.o
       878         12          0          0          0        216   scanf_fp.o
         0          0          0          4          0          0   stdout.o
       168         12          0          0          0        124   strtod.o
         8          0          0          0          0         68   strtof.o
       114          0          0          0          0         92   strtoul.o
        44          0          0          0          0         80   uidiv.o
        98          0          0          0          0         92   uldiv.o
        48          0          0          0          0         68   cdcmple.o
        48          0          0          0          0         68   cdrcmple.o
        56          0          0          0          0         88   d2f.o
       334          0          0          0          0        148   dadd.o
       222          0          0          0          0        100   ddiv.o
       186          0          0          0          0        176   depilogue.o
        48          0          0          0          0         68   dfixul.o
        26          0          0          0          0         76   dfltui.o
        24          0          0          0          0         76   dfltul.o
       228          0          0          0          0         96   dmul.o
        38          0          0          0          0         68   f2d.o
       110          0          0          0          0        168   fepilogue.o
        60          0          0          0          0         76   frnd.o

    ----------------------------------------------------------------------
      7736        360        296          8          0       5512   Library Totals
         8          0          3          0          0          0   (incl. Padding)

    ----------------------------------------------------------------------

      Code (inc. data)   RO Data    RW Data    ZI Data      Debug   Library Name

      2056        204        160          0          0       1980   m_wm.l
      4244        156        133          8          0       2256   mc_w.l
      1428          0          0          0          0       1276   mf_w.l

    ----------------------------------------------------------------------
      7736        360        296          8          0       5512   Library Totals

    ----------------------------------------------------------------------

==============================================================================


      Code (inc. data)   RO Data    RW Data    ZI Data      Debug   

     23776       1052       1252        360       9568     158828   Grand Totals
     23776       1052       1252        152       9568     158828   ELF Image Totals (compressed)
     23776       1052       1252        152          0          0   ROM Totals

==============================================================================

    Total RO  Size (Code + RO Data)                25028 (  24.44kB)
    Total RW  Size (RW Data + ZI Data)              9928 (   9.70kB)
    Total ROM Size (Code + RO Data + RW Data)      25180 (  24.59kB)

==============================================================================

